SQL> select upper('SQL Course') course from dual;

COURSE                                                                          
----------                                                                      
SQL COURSE                                                                      

SQL> select initcap('SQL Course') course from dual;

COURSE                                                                          
----------                                                                      
Sql Course                                                                      

SQL> 
SQL> 
SQL> 
SQL> select lower('SQL Course') course from dual;

COURSE                                                                          
----------                                                                      
sql course                                                                      

SQL> 
SQL> 
SQL> conn hr/hr
Connected.
SQL> 
SQL> desc users;
ERROR:
ORA-04043: object users does not exist 


SQL> desc user_tables;
 Name                                      Null?    Type
 ----------------------------------------- -------- ----------------------------
 TABLE_NAME                                NOT NULL VARCHAR2(30)
 TABLESPACE_NAME                                    VARCHAR2(30)
 CLUSTER_NAME                                       VARCHAR2(30)
 IOT_NAME                                           VARCHAR2(30)
 STATUS                                             VARCHAR2(8)
 PCT_FREE                                           NUMBER
 PCT_USED                                           NUMBER
 INI_TRANS                                          NUMBER
 MAX_TRANS                                          NUMBER
 INITIAL_EXTENT                                     NUMBER
 NEXT_EXTENT                                        NUMBER
 MIN_EXTENTS                                        NUMBER
 MAX_EXTENTS                                        NUMBER
 PCT_INCREASE                                       NUMBER
 FREELISTS                                          NUMBER
 FREELIST_GROUPS                                    NUMBER
 LOGGING                                            VARCHAR2(3)
 BACKED_UP                                          VARCHAR2(1)
 NUM_ROWS                                           NUMBER
 BLOCKS                                             NUMBER
 EMPTY_BLOCKS                                       NUMBER
 AVG_SPACE                                          NUMBER
 CHAIN_CNT                                          NUMBER
 AVG_ROW_LEN                                        NUMBER
 AVG_SPACE_FREELIST_BLOCKS                          NUMBER
 NUM_FREELIST_BLOCKS                                NUMBER
 DEGREE                                             VARCHAR2(10)
 INSTANCES                                          VARCHAR2(10)
 CACHE                                              VARCHAR2(5)
 TABLE_LOCK                                         VARCHAR2(8)
 SAMPLE_SIZE                                        NUMBER
 LAST_ANALYZED                                      DATE
 PARTITIONED                                        VARCHAR2(3)
 IOT_TYPE                                           VARCHAR2(12)
 TEMPORARY                                          VARCHAR2(1)
 SECONDARY                                          VARCHAR2(1)
 NESTED                                             VARCHAR2(3)
 BUFFER_POOL                                        VARCHAR2(7)
 FLASH_CACHE                                        VARCHAR2(7)
 CELL_FLASH_CACHE                                   VARCHAR2(7)
 ROW_MOVEMENT                                       VARCHAR2(8)
 GLOBAL_STATS                                       VARCHAR2(3)
 USER_STATS                                         VARCHAR2(3)
 DURATION                                           VARCHAR2(15)
 SKIP_CORRUPT                                       VARCHAR2(8)
 MONITORING                                         VARCHAR2(3)
 CLUSTER_OWNER                                      VARCHAR2(30)
 DEPENDENCIES                                       VARCHAR2(8)
 COMPRESSION                                        VARCHAR2(8)
 COMPRESS_FOR                                       VARCHAR2(12)
 DROPPED                                            VARCHAR2(3)
 READ_ONLY                                          VARCHAR2(3)
 SEGMENT_CREATED                                    VARCHAR2(3)
 RESULT_CACHE                                       VARCHAR2(7)

SQL> select * from tab;

TNAME                          TABTYPE  CLUSTERID                               
------------------------------ ------- ----------                               
COUNTRIES                      TABLE                                            
DEPARTMENTS                    TABLE                                            
EMPLOYEES                      TABLE                                            
EMP_DETAILS_VIEW               VIEW                                             
JOBS                           TABLE                                            
JOB_HISTORY                    TABLE                                            
LOCATIONS                      TABLE                                            
REGIONS                        TABLE                                            
WISSEN                         TABLE                                            
WISSEN_NODATA                  TABLE                                            

10 rows selected.

SQL> 
SQL> 
SQL> select upper(last_name) from employees where rownum<10;

UPPER(LAST_NAME)                                                                
-------------------------                                                       
ABEL                                                                            
ANDE                                                                            
ATKINSON                                                                        
AUSTIN                                                                          
BAER                                                                            
BAIDA                                                                           
BANDA                                                                           
BATES                                                                           
BELL                                                                            

9 rows selected.

SQL> 
SQL> 
SQL> 
SQL> select substr(last_name,1,3)  from employees where rownum<10;

SUB                                                                             
---                                                                             
Abe                                                                             
And                                                                             
Atk                                                                             
Aus                                                                             
Bae                                                                             
Bai                                                                             
Ban                                                                             
Bat                                                                             
Bel                                                                             

9 rows selected.

SQL> select substr(last_name,2,4)  from employees where rownum<10;

SUBS                                                                            
----                                                                            
bel                                                                             
nde                                                                             
tkin                                                                            
usti                                                                            
aer                                                                             
aida                                                                            
anda                                                                            
ates                                                                            
ell                                                                             

9 rows selected.

SQL> select instr('HelloWorld','W')  from  dual;

INSTR('HELLOWORLD','W')                                                         
-----------------------                                                         
                      6                                                         

SQL> select instr('HelloWorld','W') instr  from  dual;

     INSTR                                                                      
----------                                                                      
         6                                                                      

SQL> 
SQL> 
SQL> select instr('HelloWorld','w') instr  from  dual;

     INSTR                                                                      
----------                                                                      
         0                                                                      

SQL> select instr('HelloWorldW','W') instr  from  dual;

     INSTR                                                                      
----------                                                                      
         6                                                                      

SQL> select instr('HelloWorldW','oWo') instr  from  dual;

     INSTR                                                                      
----------                                                                      
         5                                                                      

SQL> select instr('HelloWorldoW','oW',2) instr  from  dual;

     INSTR                                                                      
----------                                                                      
         5                                                                      

SQL> 
SQL> 
SQL> 
SQL> select lpad(salary,10,'*') from employees where rownum<10;

LPAD(SALAR                                                                      
----------                                                                      
*****24000                                                                      
*****17000                                                                      
*****17000                                                                      
******9000                                                                      
******6000                                                                      
******4800                                                                      
******4800                                                                      
******4200                                                                      
*****12008                                                                      

9 rows selected.

SQL> 
SQL> 
SQL> 
SQL> select rpad(salary,10,'*') from employees where rownum<10;

RPAD(SALAR                                                                      
----------                                                                      
24000*****                                                                      
17000*****                                                                      
17000*****                                                                      
9000******                                                                      
6000******                                                                      
4800******                                                                      
4800******                                                                      
4200******                                                                      
12008*****                                                                      

9 rows selected.

SQL> select replace('HelloWorld','o','O') instr  from  dual;

INSTR                                                                           
----------                                                                      
HellOWOrld                                                                      

SQL> 
SQL> 
SQL> 
SQL> select trim('HelloWorldW','Hel') trim  from  dual;
select trim('HelloWorldW','Hel') trim  from  dual
                         *
ERROR at line 1:
ORA-00907: missing right parenthesis 


SQL> select trim('Hel' FROM 'HelloWorldW') trim  from  dual;
select trim('Hel' FROM 'HelloWorldW') trim  from  dual
       *
ERROR at line 1:
ORA-30001: trim set should have only one character 


SQL> select trim('H' FROM 'HelloWorldW') trim  from  dual;

TRIM                                                                            
----------                                                                      
elloWorldW                                                                      

SQL> select trim('' FROM 'HelloWorldW') trim  from  dual;

T                                                                               
-                                                                               
                                                                                

SQL> select trim('' FROM 'HelloWorldW') trim  from  dual;

T                                                                               
-                                                                               
                                                                                

SQL> select trim('W' FROM 'HelloWorldW') trim  from  dual;

TRIM                                                                            
----------                                                                      
HelloWorld                                                                      

SQL> 
SQL> 
SQL> 
SQL> 
SQL> 
SQL> select round(45.923,2), round(45.923,0), round(45.923,-1) from dual;

ROUND(45.923,2) ROUND(45.923,0) ROUND(45.923,-1)                                
--------------- --------------- ----------------                                
          45.92              46               50                                

SQL> select round(45.927,2), round(45.923,0), round(45.923,-1) from dual;

ROUND(45.927,2) ROUND(45.923,0) ROUND(45.923,-1)                                
--------------- --------------- ----------------                                
          45.93              46               50                                

SQL> select round(45.925,2), round(45.923,0), round(45.923,-1) from dual;

ROUND(45.925,2) ROUND(45.923,0) ROUND(45.923,-1)                                
--------------- --------------- ----------------                                
          45.93              46               50                                

SQL> select round(45.925,2), round(45.923,0), round(45.923,-2) from dual;

ROUND(45.925,2) ROUND(45.923,0) ROUND(45.923,-2)                                
--------------- --------------- ----------------                                
          45.93              46                0                                

SQL> select round(45.925,2), round(45.923,0), round(945.923,-2) from dual;

ROUND(45.925,2) ROUND(45.923,0) ROUND(945.923,-2)                               
--------------- --------------- -----------------                               
          45.93              46               900                               

SQL> select round(45.92,2), trunc(45.923,0), mod(1600,300) from dual;

ROUND(45.92,2) TRUNC(45.923,0) MOD(1600,300)                                    
-------------- --------------- -------------                                    
         45.92              45           100                                    

SQL> select round(45.92,2), trunc(45.923,2), mod(1600,300) from dual;

ROUND(45.92,2) TRUNC(45.923,2) MOD(1600,300)                                    
-------------- --------------- -------------                                    
         45.92           45.92           100                                    

SQL> select round(45.92,2), trunc(45.927,2), mod(1600,300) from dual;

ROUND(45.92,2) TRUNC(45.927,2) MOD(1600,300)                                    
-------------- --------------- -------------                                    
         45.92           45.92           100                                    

SQL> 
SQL> 
SQL> select sysdate from dual;

SYSDATE                                                                         
---------                                                                       
07-JUL-18                                                                       

SQL> 
SQL> 
SQL> select last_name, (sysdate-hire_date)/7 WEEKS from employees where department_id=90;

LAST_NAME                      WEEKS                                            
------------------------- ----------                                            
King                      785.631873                                            
Kochhar                   667.489016                                            
De Haan                   912.060445                                            

SQL> 
SQL> 
SQL> 
SQL> select tochar(sysdate,'YYYY') from dual;
select tochar(sysdate,'YYYY') from dual
       *
ERROR at line 1:
ORA-00904: "TOCHAR": invalid identifier 


SQL> select to_char(sysdate,'YYYY') from dual;

TO_C                                                                            
----                                                                            
2018                                                                            

SQL> select to_char(sysdate,'fmDD Month YYYY') from dual;

TO_CHAR(SYSDATE,'                                                               
-----------------                                                               
7 July 2018                                                                     

SQL> select to_char(sysdate,'fmDD MM YYYY') from dual;

TO_CHAR(SY                                                                      
----------                                                                      
7 7 2018                                                                        

SQL> select to_char(sysdate,'fmDD Month YYYY') from dual;

TO_CHAR(SYSDATE,'                                                               
-----------------                                                               
7 July 2018                                                                     

SQL> select last_name, to_char(hire_date,'fmDD Month YYYY') DATE from employees where rownum<10;;
select last_name, to_char(hire_date,'fmDD Month YYYY') DATE from employees where rownum<10;
                                                       *
ERROR at line 1:
ORA-00923: FROM keyword not found where expected 


SQL> select last_name, to_char(hire_date,'fmDD Month YYYY') "DATE" from employees where rownum<10;;
select last_name, to_char(hire_date,'fmDD Month YYYY') "DATE" from employees where rownum<10;
                                                                                            *
ERROR at line 1:
ORA-00911: invalid character 


SQL> select last_name, to_char(hire_date,'fmDD Month YYYY') hiredate from employees where rownum<10;;
select last_name, to_char(hire_date,'fmDD Month YYYY') hiredate from employees where rownum<10;
                                                                                              *
ERROR at line 1:
ORA-00911: invalid character 


SQL> select last_name, to_char(hire_date,'fmDD Month YYYY') as hiredate from employees where rownum<10;;
select last_name, to_char(hire_date,'fmDD Month YYYY') as hiredate from employees where rownum<10;
                                                                                                 *
ERROR at line 1:
ORA-00911: invalid character 


SQL> select last_name from employees where rownum<10;;
select last_name from employees where rownum<10;
                                               *
ERROR at line 1:
ORA-00911: invalid character 


SQL> select last_name from employees where rownum<10;

LAST_NAME                                                                       
-------------------------                                                       
Abel                                                                            
Ande                                                                            
Atkinson                                                                        
Austin                                                                          
Baer                                                                            
Baida                                                                           
Banda                                                                           
Bates                                                                           
Bell                                                                            

9 rows selected.

SQL> select last_name, to_char(hire_date,'fmDD Month YYYY') as hiredate from employees where rownum<10;

LAST_NAME                 HIREDATE                                              
------------------------- -----------------                                     
King                      17 June 2003                                          
Kochhar                   21 September 2005                                     
De Haan                   13 January 2001                                       
Hunold                    3 January 2006                                        
Ernst                     21 May 2007                                           
Austin                    25 June 2005                                          
Pataballa                 5 February 2006                                       
Lorentz                   7 February 2007                                       
Greenberg                 17 August 2002                                        

9 rows selected.

SQL> 
SQL> 
SQL> 
SQL> 
SQL> 
SQL> 
SQL> select to_char(salary, '$99,999.00') salary from employees where rownum<10;

SALARY                                                                          
-----------                                                                     
 $24,000.00                                                                     
 $17,000.00                                                                     
 $17,000.00                                                                     
  $9,000.00                                                                     
  $6,000.00                                                                     
  $4,800.00                                                                     
  $4,800.00                                                                     
  $4,200.00                                                                     
 $12,008.00                                                                     

9 rows selected.

SQL> 
SQL> select to_char(salary, '$20,000.00') salary from employees where rownum<10;
select to_char(salary, '$20,000.00') salary from employees where rownum<10
                       *
ERROR at line 1:
ORA-01481: invalid number format model 


SQL> select to_char(salary, '$90,000.00') salary from employees where rownum<10;

SALARY                                                                          
-----------                                                                     
 $24,000.00                                                                     
 $17,000.00                                                                     
 $17,000.00                                                                     
  $9,000.00                                                                     
  $6,000.00                                                                     
  $4,800.00                                                                     
  $4,800.00                                                                     
  $4,200.00                                                                     
 $12,008.00                                                                     

9 rows selected.

SQL> select to_char(salary, '$000.00') salary from employees where rownum<10;

SALARY                                                                          
--------                                                                        
########                                                                        
########                                                                        
########                                                                        
########                                                                        
########                                                                        
########                                                                        
########                                                                        
########                                                                        
########                                                                        

9 rows selected.

SQL> select to_char(salary, '$999.00') salary from employees where rownum<10;

SALARY                                                                          
--------                                                                        
########                                                                        
########                                                                        
########                                                                        
########                                                                        
########                                                                        
########                                                                        
########                                                                        
########                                                                        
########                                                                        

9 rows selected.

SQL> 
SQL> select to_char(salary, '$99,999.00') salary from employees where rownum<10;

SALARY                                                                          
-----------                                                                     
 $24,000.00                                                                     
 $17,000.00                                                                     
 $17,000.00                                                                     
  $9,000.00                                                                     
  $6,000.00                                                                     
  $4,800.00                                                                     
  $4,800.00                                                                     
  $4,200.00                                                                     
 $12,008.00                                                                     

9 rows selected.

SQL> 
SQL> 
SQL> 
SQL> 
SQL> 
SQL> 
SQL> 
SQL> show departments;
SP2-0735: unknown SHOW option beginning "department..."
SQL> desc departments;
 Name                                      Null?    Type
 ----------------------------------------- -------- ----------------------------
 DEPARTMENT_ID                             NOT NULL NUMBER(4)
 DEPARTMENT_NAME                           NOT NULL VARCHAR2(30)
 MANAGER_ID                                         NUMBER(6)
 LOCATION_ID                                        NUMBER(4)

SQL> desc locations
 Name                                      Null?    Type
 ----------------------------------------- -------- ----------------------------
 LOCATION_ID                               NOT NULL NUMBER(4)
 STREET_ADDRESS                                     VARCHAR2(40)
 POSTAL_CODE                                        VARCHAR2(12)
 CITY                                      NOT NULL VARCHAR2(30)
 STATE_PROVINCE                                     VARCHAR2(25)
 COUNTRY_ID                                         CHAR(2)

SQL> 
SQL> 
SQL> 
SQL> select l.city, d.department_name from locations l join department d using(location_id)
  2  ;
select l.city, d.department_name from locations l join department d using(location_id)
                                                       *
ERROR at line 1:
ORA-00942: table or view does not exist 


SQL> select l.city, d.department_name from locations l join departments d using(location_id);

CITY                           DEPARTMENT_NAME                                  
------------------------------ ------------------------------                   
Southlake                      IT                                               
South San Francisco            Shipping                                         
Seattle                        Administration                                   
Seattle                        Purchasing                                       
Seattle                        Executive                                        
Seattle                        Finance                                          
Seattle                        Accounting                                       
Seattle                        Treasury                                         
Seattle                        Corporate Tax                                    
Seattle                        Control And Credit                               
Seattle                        Shareholder Services                             

CITY                           DEPARTMENT_NAME                                  
------------------------------ ------------------------------                   
Seattle                        Benefits                                         
Seattle                        Manufacturing                                    
Seattle                        Construction                                     
Seattle                        Contracting                                      
Seattle                        Operations                                       
Seattle                        IT Support                                       
Seattle                        NOC                                              
Seattle                        IT Helpdesk                                      
Seattle                        Government Sales                                 
Seattle                        Retail Sales                                     
Seattle                        Recruiting                                       

CITY                           DEPARTMENT_NAME                                  
------------------------------ ------------------------------                   
Seattle                        Payroll                                          
Toronto                        Marketing                                        
London                         Human Resources                                  
Oxford                         Sales                                            
Munich                         Public Relations                                 

27 rows selected.

SQL> select l.city, d.department_name from locations l join departments d using(location_id) where department_id=1400;

no rows selected

SQL> select l.city, d.department_name from locations l join departments d using(location_id) where location_id=1400;

CITY                           DEPARTMENT_NAME                                  
------------------------------ ------------------------------                   
Southlake                      IT                                               

SQL> select l.city, d.department_name from locations l join departments d using(location_id) where d.location_id=1400;
select l.city, d.department_name from locations l join departments d using(location_id) where d.location_id=1400
                                                                                              *
ERROR at line 1:
ORA-25154: column part of USING clause cannot have qualifier 


SQL> 
SQL> 
SQL> 
SQL> 
SQL> 
SQL> select e.employee_id, e.last_name, e.department_id, d.department_id, d.location_id
  2  from employees e join departments d
  3  on (e.department_id = d.department_id)
  4  where e.manager_id =149;

EMPLOYEE_ID LAST_NAME                 DEPARTMENT_ID DEPARTMENT_ID LOCATION_ID   
----------- ------------------------- ------------- ------------- -----------   
        174 Abel                                 80            80        2500   
        175 Hutton                               80            80        2500   
        179 Johnson                              80            80        2500   
        177 Livingston                           80            80        2500   
        176 Taylor                               80            80        2500   

SQL> 
SQL> 
SQL> 
SQL> select e.employee_id, e.last_name, e.department_id, d.department_id, d.location_id
  2  from employees e join departments d
  3  on (e.department_id = d.department_id)
  4  and e.manager_id =149;

EMPLOYEE_ID LAST_NAME                 DEPARTMENT_ID DEPARTMENT_ID LOCATION_ID   
----------- ------------------------- ------------- ------------- -----------   
        174 Abel                                 80            80        2500   
        175 Hutton                               80            80        2500   
        179 Johnson                              80            80        2500   
        177 Livingston                           80            80        2500   
        176 Taylor                               80            80        2500   

SQL> 
SQL> 
SQL> 
SQL> select e.last_name, e.department_id, d.department_mane
  2  from employees e left outer join departments d
  3  on (e.department_id = d.department_id);
select e.last_name, e.department_id, d.department_mane
                                     *
ERROR at line 1:
ORA-00904: "D"."DEPARTMENT_MANE": invalid identifier 


SQL> select e.last_name, e.department_id, d.department_mane
  2  from employees e left outer join departments d
  3  on (e.department_id = d.department_id);
select e.last_name, e.department_id, d.department_mane
                                     *
ERROR at line 1:
ORA-00904: "D"."DEPARTMENT_MANE": invalid identifier 


SQL> select e.last_name, e.department_id, d.department_nane
  2  /
select e.last_name, e.department_id, d.department_nane
                                                     *
ERROR at line 1:
ORA-00923: FROM keyword not found where expected 


SQL> select e.last_name, e.department_id, d.department_name
  2  from employees e left outer join departments d
  3  on (e.department_id = d.department_id);

LAST_NAME                 DEPARTMENT_ID DEPARTMENT_NAME                         
------------------------- ------------- ------------------------------          
Whalen                               10 Administration                          
Fay                                  20 Marketing                               
Hartstein                            20 Marketing                               
Colmenares                           30 Purchasing                              
Himuro                               30 Purchasing                              
Tobias                               30 Purchasing                              
Baida                                30 Purchasing                              
Khoo                                 30 Purchasing                              
Raphaely                             30 Purchasing                              
Mavris                               40 Human Resources                         
Grant                                50 Shipping                                

LAST_NAME                 DEPARTMENT_ID DEPARTMENT_NAME                         
------------------------- ------------- ------------------------------          
OConnell                             50 Shipping                                
Feeney                               50 Shipping                                
Walsh                                50 Shipping                                
Jones                                50 Shipping                                
McCain                               50 Shipping                                
Everett                              50 Shipping                                
Bell                                 50 Shipping                                
Perkins                              50 Shipping                                
Gates                                50 Shipping                                
Dilly                                50 Shipping                                
Chung                                50 Shipping                                

LAST_NAME                 DEPARTMENT_ID DEPARTMENT_NAME                         
------------------------- ------------- ------------------------------          
Cabrio                               50 Shipping                                
Dellinger                            50 Shipping                                
Bull                                 50 Shipping                                
Sarchand                             50 Shipping                                
Geoni                                50 Shipping                                
Sullivan                             50 Shipping                                
Fleaur                               50 Shipping                                
Taylor                               50 Shipping                                
Vargas                               50 Shipping                                
Matos                                50 Shipping                                
Davies                               50 Shipping                                

LAST_NAME                 DEPARTMENT_ID DEPARTMENT_NAME                         
------------------------- ------------- ------------------------------          
Rajs                                 50 Shipping                                
Patel                                50 Shipping                                
Seo                                  50 Shipping                                
Stiles                               50 Shipping                                
Ladwig                               50 Shipping                                
Philtanker                           50 Shipping                                
Gee                                  50 Shipping                                
Rogers                               50 Shipping                                
Mallin                               50 Shipping                                
Olson                                50 Shipping                                
Marlow                               50 Shipping                                

LAST_NAME                 DEPARTMENT_ID DEPARTMENT_NAME                         
------------------------- ------------- ------------------------------          
Atkinson                             50 Shipping                                
Bissot                               50 Shipping                                
Markle                               50 Shipping                                
Landry                               50 Shipping                                
Mikkilineni                          50 Shipping                                
Nayer                                50 Shipping                                
Mourgos                              50 Shipping                                
Vollman                              50 Shipping                                
Kaufling                             50 Shipping                                
Fripp                                50 Shipping                                
Weiss                                50 Shipping                                

LAST_NAME                 DEPARTMENT_ID DEPARTMENT_NAME                         
------------------------- ------------- ------------------------------          
Lorentz                              60 IT                                      
Pataballa                            60 IT                                      
Austin                               60 IT                                      
Ernst                                60 IT                                      
Hunold                               60 IT                                      
Baer                                 70 Public Relations                        
Johnson                              80 Sales                                   
Livingston                           80 Sales                                   
Taylor                               80 Sales                                   
Hutton                               80 Sales                                   
Abel                                 80 Sales                                   

LAST_NAME                 DEPARTMENT_ID DEPARTMENT_NAME                         
------------------------- ------------- ------------------------------          
Kumar                                80 Sales                                   
Bates                                80 Sales                                   
Smith                                80 Sales                                   
Fox                                  80 Sales                                   
Bloom                                80 Sales                                   
Ozer                                 80 Sales                                   
Banda                                80 Sales                                   
Ande                                 80 Sales                                   
Lee                                  80 Sales                                   
Marvins                              80 Sales                                   
Greene                               80 Sales                                   

LAST_NAME                 DEPARTMENT_ID DEPARTMENT_NAME                         
------------------------- ------------- ------------------------------          
Vishney                              80 Sales                                   
Sewall                               80 Sales                                   
Doran                                80 Sales                                   
Smith                                80 Sales                                   
McEwen                               80 Sales                                   
Sully                                80 Sales                                   
King                                 80 Sales                                   
Tuvault                              80 Sales                                   
Cambrault                            80 Sales                                   
Olsen                                80 Sales                                   
Hall                                 80 Sales                                   

LAST_NAME                 DEPARTMENT_ID DEPARTMENT_NAME                         
------------------------- ------------- ------------------------------          
Bernstein                            80 Sales                                   
Tucker                               80 Sales                                   
Zlotkey                              80 Sales                                   
Cambrault                            80 Sales                                   
Errazuriz                            80 Sales                                   
Partners                             80 Sales                                   
Russell                              80 Sales                                   
De Haan                              90 Executive                               
Kochhar                              90 Executive                               
King                                 90 Executive                               
Popp                                100 Finance                                 

LAST_NAME                 DEPARTMENT_ID DEPARTMENT_NAME                         
------------------------- ------------- ------------------------------          
Urman                               100 Finance                                 
Sciarra                             100 Finance                                 
Chen                                100 Finance                                 
Faviet                              100 Finance                                 
Greenberg                           100 Finance                                 
Gietz                               110 Accounting                              
Higgins                             110 Accounting                              
Grant                                                                           

107 rows selected.

SQL> from employees e right outer join departments d
SP2-0734: unknown command beginning "from emplo..." - rest of line ignored.
SQL> select e.last_name, e.department_id, d.department_name
  2  from employees e right outer join departments d
  3  on (e.department_id = d.department_id);

LAST_NAME                 DEPARTMENT_ID DEPARTMENT_NAME                         
------------------------- ------------- ------------------------------          
Whalen                               10 Administration                          
Fay                                  20 Marketing                               
Hartstein                            20 Marketing                               
Tobias                               30 Purchasing                              
Colmenares                           30 Purchasing                              
Baida                                30 Purchasing                              
Raphaely                             30 Purchasing                              
Khoo                                 30 Purchasing                              
Himuro                               30 Purchasing                              
Mavris                               40 Human Resources                         
Feeney                               50 Shipping                                

LAST_NAME                 DEPARTMENT_ID DEPARTMENT_NAME                         
------------------------- ------------- ------------------------------          
Fleaur                               50 Shipping                                
Fripp                                50 Shipping                                
Gates                                50 Shipping                                
Gee                                  50 Shipping                                
Geoni                                50 Shipping                                
Grant                                50 Shipping                                
Jones                                50 Shipping                                
Kaufling                             50 Shipping                                
Ladwig                               50 Shipping                                
Everett                              50 Shipping                                
Dilly                                50 Shipping                                

LAST_NAME                 DEPARTMENT_ID DEPARTMENT_NAME                         
------------------------- ------------- ------------------------------          
Dellinger                            50 Shipping                                
Davies                               50 Shipping                                
Chung                                50 Shipping                                
Cabrio                               50 Shipping                                
Bull                                 50 Shipping                                
Bissot                               50 Shipping                                
Bell                                 50 Shipping                                
Atkinson                             50 Shipping                                
Landry                               50 Shipping                                
Weiss                                50 Shipping                                
Walsh                                50 Shipping                                

LAST_NAME                 DEPARTMENT_ID DEPARTMENT_NAME                         
------------------------- ------------- ------------------------------          
Vollman                              50 Shipping                                
Vargas                               50 Shipping                                
Taylor                               50 Shipping                                
Mallin                               50 Shipping                                
Markle                               50 Shipping                                
Marlow                               50 Shipping                                
Matos                                50 Shipping                                
McCain                               50 Shipping                                
Mikkilineni                          50 Shipping                                
Mourgos                              50 Shipping                                
Nayer                                50 Shipping                                

LAST_NAME                 DEPARTMENT_ID DEPARTMENT_NAME                         
------------------------- ------------- ------------------------------          
OConnell                             50 Shipping                                
Olson                                50 Shipping                                
Patel                                50 Shipping                                
Perkins                              50 Shipping                                
Philtanker                           50 Shipping                                
Rajs                                 50 Shipping                                
Rogers                               50 Shipping                                
Sarchand                             50 Shipping                                
Seo                                  50 Shipping                                
Stiles                               50 Shipping                                
Sullivan                             50 Shipping                                

LAST_NAME                 DEPARTMENT_ID DEPARTMENT_NAME                         
------------------------- ------------- ------------------------------          
Austin                               60 IT                                      
Pataballa                            60 IT                                      
Ernst                                60 IT                                      
Lorentz                              60 IT                                      
Hunold                               60 IT                                      
Baer                                 70 Public Relations                        
Abel                                 80 Sales                                   
Ande                                 80 Sales                                   
Banda                                80 Sales                                   
Bates                                80 Sales                                   
Bernstein                            80 Sales                                   

LAST_NAME                 DEPARTMENT_ID DEPARTMENT_NAME                         
------------------------- ------------- ------------------------------          
Bloom                                80 Sales                                   
Cambrault                            80 Sales                                   
Cambrault                            80 Sales                                   
Doran                                80 Sales                                   
Errazuriz                            80 Sales                                   
Fox                                  80 Sales                                   
Greene                               80 Sales                                   
Hall                                 80 Sales                                   
Hutton                               80 Sales                                   
Johnson                              80 Sales                                   
King                                 80 Sales                                   

LAST_NAME                 DEPARTMENT_ID DEPARTMENT_NAME                         
------------------------- ------------- ------------------------------          
Kumar                                80 Sales                                   
Lee                                  80 Sales                                   
Livingston                           80 Sales                                   
Marvins                              80 Sales                                   
McEwen                               80 Sales                                   
Olsen                                80 Sales                                   
Ozer                                 80 Sales                                   
Partners                             80 Sales                                   
Russell                              80 Sales                                   
Sewall                               80 Sales                                   
Smith                                80 Sales                                   

LAST_NAME                 DEPARTMENT_ID DEPARTMENT_NAME                         
------------------------- ------------- ------------------------------          
Smith                                80 Sales                                   
Sully                                80 Sales                                   
Taylor                               80 Sales                                   
Tucker                               80 Sales                                   
Tuvault                              80 Sales                                   
Vishney                              80 Sales                                   
Zlotkey                              80 Sales                                   
Kochhar                              90 Executive                               
King                                 90 Executive                               
De Haan                              90 Executive                               
Popp                                100 Finance                                 

LAST_NAME                 DEPARTMENT_ID DEPARTMENT_NAME                         
------------------------- ------------- ------------------------------          
Urman                               100 Finance                                 
Chen                                100 Finance                                 
Faviet                              100 Finance                                 
Sciarra                             100 Finance                                 
Greenberg                           100 Finance                                 
Gietz                               110 Accounting                              
Higgins                             110 Accounting                              
                                        Treasury                                
                                        Corporate Tax                           
                                        Control And Credit                      
                                        Shareholder Services                    

LAST_NAME                 DEPARTMENT_ID DEPARTMENT_NAME                         
------------------------- ------------- ------------------------------          
                                        Benefits                                
                                        Manufacturing                           
                                        Construction                            
                                        Contracting                             
                                        Operations                              
                                        IT Support                              
                                        NOC                                     
                                        IT Helpdesk                             
                                        Government Sales                        
                                        Retail Sales                            
                                        Recruiting                              

LAST_NAME                 DEPARTMENT_ID DEPARTMENT_NAME                         
------------------------- ------------- ------------------------------          
                                        Payroll                                 

122 rows selected.

SQL> 
SQL> 
SQL> 
SQL> 
SQL> select e.last_name, e.department_id, d.department_name
  2  from employees e full outer join departments d
  3  on (e.department_id = d.department_id);

LAST_NAME                 DEPARTMENT_ID DEPARTMENT_NAME                         
------------------------- ------------- ------------------------------          
King                                 90 Executive                               
Kochhar                              90 Executive                               
De Haan                              90 Executive                               
Hunold                               60 IT                                      
Ernst                                60 IT                                      
Austin                               60 IT                                      
Pataballa                            60 IT                                      
Lorentz                              60 IT                                      
Greenberg                           100 Finance                                 
Faviet                              100 Finance                                 
Chen                                100 Finance                                 

LAST_NAME                 DEPARTMENT_ID DEPARTMENT_NAME                         
------------------------- ------------- ------------------------------          
Sciarra                             100 Finance                                 
Urman                               100 Finance                                 
Popp                                100 Finance                                 
Raphaely                             30 Purchasing                              
Khoo                                 30 Purchasing                              
Baida                                30 Purchasing                              
Tobias                               30 Purchasing                              
Himuro                               30 Purchasing                              
Colmenares                           30 Purchasing                              
Weiss                                50 Shipping                                
Fripp                                50 Shipping                                

LAST_NAME                 DEPARTMENT_ID DEPARTMENT_NAME                         
------------------------- ------------- ------------------------------          
Kaufling                             50 Shipping                                
Vollman                              50 Shipping                                
Mourgos                              50 Shipping                                
Nayer                                50 Shipping                                
Mikkilineni                          50 Shipping                                
Landry                               50 Shipping                                
Markle                               50 Shipping                                
Bissot                               50 Shipping                                
Atkinson                             50 Shipping                                
Marlow                               50 Shipping                                
Olson                                50 Shipping                                

LAST_NAME                 DEPARTMENT_ID DEPARTMENT_NAME                         
------------------------- ------------- ------------------------------          
Mallin                               50 Shipping                                
Rogers                               50 Shipping                                
Gee                                  50 Shipping                                
Philtanker                           50 Shipping                                
Ladwig                               50 Shipping                                
Stiles                               50 Shipping                                
Seo                                  50 Shipping                                
Patel                                50 Shipping                                
Rajs                                 50 Shipping                                
Davies                               50 Shipping                                
Matos                                50 Shipping                                

LAST_NAME                 DEPARTMENT_ID DEPARTMENT_NAME                         
------------------------- ------------- ------------------------------          
Vargas                               50 Shipping                                
Russell                              80 Sales                                   
Partners                             80 Sales                                   
Errazuriz                            80 Sales                                   
Cambrault                            80 Sales                                   
Zlotkey                              80 Sales                                   
Tucker                               80 Sales                                   
Bernstein                            80 Sales                                   
Hall                                 80 Sales                                   
Olsen                                80 Sales                                   
Cambrault                            80 Sales                                   

LAST_NAME                 DEPARTMENT_ID DEPARTMENT_NAME                         
------------------------- ------------- ------------------------------          
Tuvault                              80 Sales                                   
King                                 80 Sales                                   
Sully                                80 Sales                                   
McEwen                               80 Sales                                   
Smith                                80 Sales                                   
Doran                                80 Sales                                   
Sewall                               80 Sales                                   
Vishney                              80 Sales                                   
Greene                               80 Sales                                   
Marvins                              80 Sales                                   
Lee                                  80 Sales                                   

LAST_NAME                 DEPARTMENT_ID DEPARTMENT_NAME                         
------------------------- ------------- ------------------------------          
Ande                                 80 Sales                                   
Banda                                80 Sales                                   
Ozer                                 80 Sales                                   
Bloom                                80 Sales                                   
Fox                                  80 Sales                                   
Smith                                80 Sales                                   
Bates                                80 Sales                                   
Kumar                                80 Sales                                   
Abel                                 80 Sales                                   
Hutton                               80 Sales                                   
Taylor                               80 Sales                                   

LAST_NAME                 DEPARTMENT_ID DEPARTMENT_NAME                         
------------------------- ------------- ------------------------------          
Livingston                           80 Sales                                   
Grant                                                                           
Johnson                              80 Sales                                   
Taylor                               50 Shipping                                
Fleaur                               50 Shipping                                
Sullivan                             50 Shipping                                
Geoni                                50 Shipping                                
Sarchand                             50 Shipping                                
Bull                                 50 Shipping                                
Dellinger                            50 Shipping                                
Cabrio                               50 Shipping                                

LAST_NAME                 DEPARTMENT_ID DEPARTMENT_NAME                         
------------------------- ------------- ------------------------------          
Chung                                50 Shipping                                
Dilly                                50 Shipping                                
Gates                                50 Shipping                                
Perkins                              50 Shipping                                
Bell                                 50 Shipping                                
Everett                              50 Shipping                                
McCain                               50 Shipping                                
Jones                                50 Shipping                                
Walsh                                50 Shipping                                
Feeney                               50 Shipping                                
OConnell                             50 Shipping                                

LAST_NAME                 DEPARTMENT_ID DEPARTMENT_NAME                         
------------------------- ------------- ------------------------------          
Grant                                50 Shipping                                
Whalen                               10 Administration                          
Hartstein                            20 Marketing                               
Fay                                  20 Marketing                               
Mavris                               40 Human Resources                         
Baer                                 70 Public Relations                        
Higgins                             110 Accounting                              
Gietz                               110 Accounting                              
                                        NOC                                     
                                        Manufacturing                           
                                        Government Sales                        

LAST_NAME                 DEPARTMENT_ID DEPARTMENT_NAME                         
------------------------- ------------- ------------------------------          
                                        IT Support                              
                                        Benefits                                
                                        Shareholder Services                    
                                        Retail Sales                            
                                        Control And Credit                      
                                        Recruiting                              
                                        Operations                              
                                        Treasury                                
                                        Payroll                                 
                                        Corporate Tax                           
                                        Construction                            

LAST_NAME                 DEPARTMENT_ID DEPARTMENT_NAME                         
------------------------- ------------- ------------------------------          
                                        Contracting                             
                                        IT Helpdesk                             

123 rows selected.

SQL> 
SQL> 
SQL> 
SQL> 
SQL> 
SQL> select last_name, department_name
  2  from employees
  3  cross join departments;

LAST_NAME                 DEPARTMENT_NAME                                       
------------------------- ------------------------------                        
Abel                      Administration                                        
Ande                      Administration                                        
Atkinson                  Administration                                        
Austin                    Administration                                        
Baer                      Administration                                        
Baida                     Administration                                        
Banda                     Administration                                        
Bates                     Administration                                        
Bell                      Administration                                        
Bernstein                 Administration                                        
Bissot                    Administration                                        

LAST_NAME                 DEPARTMENT_NAME                                       
------------------------- ------------------------------                        
Bloom                     Administration                                        
Bull                      Administration                                        
Cabrio                    Administration                                        
Cambrault                 Administration                                        
Cambrault                 Administration                                        
Chen                      Administration                                        
Chung                     Administration                                        
Colmenares                Administration                                        
Davies                    Administration                                        
De Haan                   Administration                                        
Dellinger                 Administration                                        

LAST_NAME                 DEPARTMENT_NAME                                       
------------------------- ------------------------------                        
Dilly                     Administration                                        
Doran                     Administration                                        
Ernst                     Administration                                        
Errazuriz                 Administration                                        
Everett                   Administration                                        
Faviet                    Administration                                        
Fay                       Administration                                        
Feeney                    Administration                                        
Fleaur                    Administration                                        
Fox                       Administration                                        
Fripp                     Administration                                        

LAST_NAME                 DEPARTMENT_NAME                                       
------------------------- ------------------------------                        
Gates                     Administration                                        
Gee                       Administration                                        
Geoni                     Administration                                        
Gietz                     Administration                                        
Grant                     Administration                                        
Grant                     Administration                                        
Greenberg                 Administration                                        
Greene                    Administration                                        
Hall                      Administration                                        
Hartstein                 Administration                                        
Higgins                   Administration                                        

LAST_NAME                 DEPARTMENT_NAME                                       
------------------------- ------------------------------                        
Himuro                    Administration                                        
Hunold                    Administration                                        
Hutton                    Administration                                        
Johnson                   Administration                                        
Jones                     Administration                                        
Kaufling                  Administration                                        
Khoo                      Administration                                        
King                      Administration                                        
King                      Administration                                        
Kochhar                   Administration                                        
Kumar                     Administration                                        

LAST_NAME                 DEPARTMENT_NAME                                       
------------------------- ------------------------------                        
Ladwig                    Administration                                        
Landry                    Administration                                        
Lee                       Administration                                        
Livingston                Administration                                        
Lorentz                   Administration                                        
Mallin                    Administration                                        
Markle                    Administration                                        
Marlow                    Administration                                        
Marvins                   Administration                                        
Matos                     Administration                                        
Mavris                    Administration                                        

LAST_NAME                 DEPARTMENT_NAME                                       
------------------------- ------------------------------                        
McCain                    Administration                                        
McEwen                    Administration                                        
Mikkilineni               Administration                                        
Mourgos                   Administration                                        
Nayer                     Administration                                        
OConnell                  Administration                                        
Olsen                     Administration                                        
Olson                     Administration                                        
Ozer                      Administration                                        
Partners                  Administration                                        
Pataballa                 Administration                                        

LAST_NAME                 DEPARTMENT_NAME                                       
------------------------- ------------------------------                        
Patel                     Administration                                        
Perkins                   Administration                                        
Philtanker                Administration                                        
Popp                      Administration                                        
Rajs                      Administration                                        
Raphaely                  Administration                                        
Rogers                    Administration                                        
Russell                   Administration                                        
Sarchand                  Administration                                        
Sciarra                   Administration                                        
Seo                       Administration                                        

LAST_NAME                 DEPARTMENT_NAME                                       
------------------------- ------------------------------                        
Sewall                    Administration                                        
Smith                     Administration                                        
Smith                     Administration                                        
Stiles                    Administration                                        
Sullivan                  Administration                                        
Sully                     Administration                                        
Taylor                    Administration                                        
Taylor                    Administration                                        
Tobias                    Administration                                        
Tucker                    Administration                                        
Tuvault                   Administration                                        

LAST_NAME                 DEPARTMENT_NAME                                       
------------------------- ------------------------------                        
Urman                     Administration                                        
Vargas                    Administration                                        
Vishney                   Administration                                        
Vollman                   Administration                                        
Walsh                     Administration                                        
Weiss                     Administration                                        
Whalen                    Administration                                        
Zlotkey                   Administration                                        
Abel                      Marketing                                             
Ande                      Marketing                                             
Atkinson                  Marketing                                             

LAST_NAME                 DEPARTMENT_NAME                                       
------------------------- ------------------------------                        
Austin                    Marketing                                             
Baer                      Marketing                                             
Baida                     Marketing                                             
Banda                     Marketing                                             
Bates                     Marketing                                             
Bell                      Marketing                                             
Bernstein                 Marketing                                             
Bissot                    Marketing                                             
Bloom                     Marketing                                             
Bull                      Marketing                                             
Cabrio                    Marketing                                             

LAST_NAME                 DEPARTMENT_NAME                                       
------------------------- ------------------------------                        
Cambrault                 Marketing                                             
Cambrault                 Marketing                                             
Chen                      Marketing                                             
Chung                     Marketing                                             
Colmenares                Marketing                                             
Davies                    Marketing                                             
De Haan                   Marketing                                             
Dellinger                 Marketing                                             
Dilly                     Marketing                                             
Doran                     Marketing                                             
Ernst                     Marketing                                             

LAST_NAME                 DEPARTMENT_NAME                                       
------------------------- ------------------------------                        
Errazuriz                 Marketing                                             
Everett                   Marketing                                             
Faviet                    Marketing                                             
Fay                       Marketing                                             
Feeney                    Marketing                                             
Fleaur                    Marketing                                             
Fox                       Marketing                                             
Fripp                     Marketing                                             
Gates                     Marketing                                             
Gee                       Marketing                                             
Geoni                     Marketing                                             

LAST_NAME                 DEPARTMENT_NAME                                       
------------------------- ------------------------------                        
Gietz                     Marketing                                             
Grant                     Marketing                                             
Grant                     Marketing                                             
Greenberg                 Marketing                                             
Greene                    Marketing                                             
Hall                      Marketing                                             
Hartstein                 Marketing                                             
Higgins                   Marketing                                             
Himuro                    Marketing                                             
Hunold                    Marketing                                             
Hutton                    Marketing                                             

LAST_NAME                 DEPARTMENT_NAME                                       
------------------------- ------------------------------                        
Johnson                   Marketing                                             
Jones                     Marketing                                             
Kaufling                  Marketing                                             
Khoo                      Marketing                                             
King                      Marketing                                             
King                      Marketing                                             
Kochhar                   Marketing                                             
Kumar                     Marketing                                             
Ladwig                    Marketing                                             
Landry                    Marketing                                             
Lee                       Marketing                                             

LAST_NAME                 DEPARTMENT_NAME                                       
------------------------- ------------------------------                        
Livingston                Marketing                                             
Lorentz                   Marketing                                             
Mallin                    Marketing                                             
Markle                    Marketing                                             
Marlow                    Marketing                                             
Marvins                   Marketing                                             
Matos                     Marketing                                             
Mavris                    Marketing                                             
McCain                    Marketing                                             
McEwen                    Marketing                                             
Mikkilineni               Marketing                                             

LAST_NAME                 DEPARTMENT_NAME                                       
------------------------- ------------------------------                        
Mourgos                   Marketing                                             
Nayer                     Marketing                                             
OConnell                  Marketing                                             
Olsen                     Marketing                                             
Olson                     Marketing                                             
Ozer                      Marketing                                             
Partners                  Marketing                                             
Pataballa                 Marketing                                             
Patel                     Marketing                                             
Perkins                   Marketing                                             
Philtanker                Marketing                                             

LAST_NAME                 DEPARTMENT_NAME                                       
------------------------- ------------------------------                        
Popp                      Marketing                                             
Rajs                      Marketing                                             
Raphaely                  Marketing                                             
Rogers                    Marketing                                             
Russell                   Marketing                                             
Sarchand                  Marketing                                             
Sciarra                   Marketing                                             
Seo                       Marketing                                             
Sewall                    Marketing                                             
Smith                     Marketing                                             
Smith                     Marketing                                             

LAST_NAME                 DEPARTMENT_NAME                                       
------------------------- ------------------------------                        
Stiles                    Marketing                                             
Sullivan                  Marketing                                             
Sully                     Marketing                                             
Taylor                    Marketing                                             
Taylor                    Marketing                                             
Tobias                    Marketing                                             
Tucker                    Marketing                                             
Tuvault                   Marketing                                             
Urman                     Marketing                                             
Vargas                    Marketing                                             
Vishney                   Marketing                                             

LAST_NAME                 DEPARTMENT_NAME                                       
------------------------- ------------------------------                        
Vollman                   Marketing                                             
Walsh                     Marketing                                             
Weiss                     Marketing                                             
Whalen                    Marketing                                             
Zlotkey                   Marketing                                             
Abel                      Purchasing                                            
Ande                      Purchasing                                            
Atkinson                  Purchasing                                            
Austin                    Purchasing                                            
Baer                      Purchasing                                            
Baida                     Purchasing                                            

LAST_NAME                 DEPARTMENT_NAME                                       
------------------------- ------------------------------                        
Banda                     Purchasing                                            
Bates                     Purchasing                                            
Bell                      Purchasing                                            
Bernstein                 Purchasing                                            
Bissot                    Purchasing                                            
Bloom                     Purchasing                                            
Bull                      Purchasing                                            
Cabrio                    Purchasing                                            
Cambrault                 Purchasing                                            
Cambrault                 Purchasing                                            
Chen                      Purchasing                                            

LAST_NAME                 DEPARTMENT_NAME                                       
------------------------- ------------------------------                        
Chung                     Purchasing                                            
Colmenares                Purchasing                                            
Davies                    Purchasing                                            
De Haan                   Purchasing                                            
Dellinger                 Purchasing                                            
Dilly                     Purchasing                                            
Doran                     Purchasing                                            
Ernst                     Purchasing                                            
Errazuriz                 Purchasing                                            
Everett                   Purchasing                                            
Faviet                    Purchasing                                            

LAST_NAME                 DEPARTMENT_NAME                                       
------------------------- ------------------------------                        
Fay                       Purchasing                                            
Feeney                    Purchasing                                            
Fleaur                    Purchasing                                            
Fox                       Purchasing                                            
Fripp                     Purchasing                                            
Gates                     Purchasing                                            
Gee                       Purchasing                                            
Geoni                     Purchasing                                            
Gietz                     Purchasing                                            
Grant                     Purchasing                                            
Grant                     Purchasing                                            

LAST_NAME                 DEPARTMENT_NAME                                       
------------------------- ------------------------------                        
Greenberg                 Purchasing                                            
Greene                    Purchasing                                            
Hall                      Purchasing                                            
Hartstein                 Purchasing                                            
Higgins                   Purchasing                                            
Himuro                    Purchasing                                            
Hunold                    Purchasing                                            
Hutton                    Purchasing                                            
Johnson                   Purchasing                                            
Jones                     Purchasing                                            
Kaufling                  Purchasing                                            

LAST_NAME                 DEPARTMENT_NAME                                       
------------------------- ------------------------------                        
Khoo                      Purchasing                                            
King                      Purchasing                                            
King                      Purchasing                                            
Kochhar                   Purchasing                                            
Kumar                     Purchasing                                            
Ladwig                    Purchasing                                            
Landry                    Purchasing                                            
Lee                       Purchasing                                            
Livingston                Purchasing                                            
Lorentz                   Purchasing                                            
Mallin                    Purchasing                                            

LAST_NAME                 DEPARTMENT_NAME                                       
------------------------- ------------------------------                        
Markle                    Purchasing                                            
Marlow                    Purchasing                                            
Marvins                   Purchasing                                            
Matos                     Purchasing                                            
Mavris                    Purchasing                                            
McCain                    Purchasing                                            
McEwen                    Purchasing                                            
Mikkilineni               Purchasing                                            
Mourgos                   Purchasing                                            
Nayer                     Purchasing                                            
OConnell                  Purchasing                                            

LAST_NAME                 DEPARTMENT_NAME                                       
------------------------- ------------------------------                        
Olsen                     Purchasing                                            
Olson                     Purchasing                                            
Ozer                      Purchasing                                            
Partners                  Purchasing                                            
Pataballa                 Purchasing                                            
Patel                     Purchasing                                            
Perkins                   Purchasing                                            
Philtanker                Purchasing                                            
Popp                      Purchasing                                            
Rajs                      Purchasing                                            
Raphaely                  Purchasing                                            

LAST_NAME                 DEPARTMENT_NAME                                       
------------------------- ------------------------------                        
Rogers                    Purchasing                                            
Russell                   Purchasing                                            
Sarchand                  Purchasing                                            
Sciarra                   Purchasing                                            
Seo                       Purchasing                                            
Sewall                    Purchasing                                            
Smith                     Purchasing                                            
Smith                     Purchasing                                            
Stiles                    Purchasing                                            
Sullivan                  Purchasing                                            
Sully                     Purchasing                                            

LAST_NAME                 DEPARTMENT_NAME                                       
------------------------- ------------------------------                        
Taylor                    Purchasing                                            
Taylor                    Purchasing                                            
Tobias                    Purchasing                                            
Tucker                    Purchasing                                            
Tuvault                   Purchasing                                            
Urman                     Purchasing                                            
Vargas                    Purchasing                                            
Vishney                   Purchasing                                            
Vollman                   Purchasing                                            
Walsh                     Purchasing                                            
Weiss                     Purchasing                                            

LAST_NAME                 DEPARTMENT_NAME                                       
------------------------- ------------------------------                        
Whalen                    Purchasing                                            
Zlotkey                   Purchasing                                            
Abel                      Human Resources                                       
Ande                      Human Resources                                       
Atkinson                  Human Resources                                       
Austin                    Human Resources                                       
Baer                      Human Resources                                       
Baida                     Human Resources                                       
Banda                     Human Resources                                       
Bates                     Human Resources                                       
Bell                      Human Resources                                       

LAST_NAME                 DEPARTMENT_NAME                                       
------------------------- ------------------------------                        
Bernstein                 Human Resources                                       
Bissot                    Human Resources                                       
Bloom                     Human Resources                                       
Bull                      Human Resources                                       
Cabrio                    Human Resources                                       
Cambrault                 Human Resources                                       
Cambrault                 Human Resources                                       
Chen                      Human Resources                                       
Chung                     Human Resources                                       
Colmenares                Human Resources                                       
Davies                    Human Resources                                       

LAST_NAME                 DEPARTMENT_NAME                                       
------------------------- ------------------------------                        
De Haan                   Human Resources                                       
Dellinger                 Human Resources                                       
Dilly                     Human Resources                                       
Doran                     Human Resources                                       
Ernst                     Human Resources                                       
Errazuriz                 Human Resources                                       
Everett                   Human Resources                                       
Faviet                    Human Resources                                       
Fay                       Human Resources                                       
Feeney                    Human Resources                                       
Fleaur                    Human Resources                                       

LAST_NAME                 DEPARTMENT_NAME                                       
------------------------- ------------------------------                        
Fox                       Human Resources                                       
Fripp                     Human Resources                                       
Gates                     Human Resources                                       
Gee                       Human Resources                                       
Geoni                     Human Resources                                       
Gietz                     Human Resources                                       
Grant                     Human Resources                                       
Grant                     Human Resources                                       
Greenberg                 Human Resources                                       
Greene                    Human Resources                                       
Hall                      Human Resources                                       

LAST_NAME                 DEPARTMENT_NAME                                       
------------------------- ------------------------------                        
Hartstein                 Human Resources                                       
Higgins                   Human Resources                                       
Himuro                    Human Resources                                       
Hunold                    Human Resources                                       
Hutton                    Human Resources                                       
Johnson                   Human Resources                                       
Jones                     Human Resources                                       
Kaufling                  Human Resources                                       
Khoo                      Human Resources                                       
King                      Human Resources                                       
King                      Human Resources                                       

LAST_NAME                 DEPARTMENT_NAME                                       
------------------------- ------------------------------                        
Kochhar                   Human Resources                                       
Kumar                     Human Resources                                       
Ladwig                    Human Resources                                       
Landry                    Human Resources                                       
Lee                       Human Resources                                       
Livingston                Human Resources                                       
Lorentz                   Human Resources                                       
Mallin                    Human Resources                                       
Markle                    Human Resources                                       
Marlow                    Human Resources                                       
Marvins                   Human Resources                                       

LAST_NAME                 DEPARTMENT_NAME                                       
------------------------- ------------------------------                        
Matos                     Human Resources                                       
Mavris                    Human Resources                                       
McCain                    Human Resources                                       
McEwen                    Human Resources                                       
Mikkilineni               Human Resources                                       
Mourgos                   Human Resources                                       
Nayer                     Human Resources                                       
OConnell                  Human Resources                                       
Olsen                     Human Resources                                       
Olson                     Human Resources                                       
Ozer                      Human Resources                                       

LAST_NAME                 DEPARTMENT_NAME                                       
------------------------- ------------------------------                        
Partners                  Human Resources                                       
Pataballa                 Human Resources                                       
Patel                     Human Resources                                       
Perkins                   Human Resources                                       
Philtanker                Human Resources                                       
Popp                      Human Resources                                       
Rajs                      Human Resources                                       
Raphaely                  Human Resources                                       
Rogers                    Human Resources                                       
Russell                   Human Resources                                       
Sarchand                  Human Resources                                       

LAST_NAME                 DEPARTMENT_NAME                                       
------------------------- ------------------------------                        
Sciarra                   Human Resources                                       
Seo                       Human Resources                                       
Sewall                    Human Resources                                       
Smith                     Human Resources                                       
Smith                     Human Resources                                       
Stiles                    Human Resources                                       
Sullivan                  Human Resources                                       
Sully                     Human Resources                                       
Taylor                    Human Resources                                       
Taylor                    Human Resources                                       
Tobias                    Human Resources                                       

LAST_NAME                 DEPARTMENT_NAME                                       
------------------------- ------------------------------                        
Tucker                    Human Resources                                       
Tuvault                   Human Resources                                       
Urman                     Human Resources                                       
Vargas                    Human Resources                                       
Vishney                   Human Resources                                       
Vollman                   Human Resources                                       
Walsh                     Human Resources                                       
Weiss                     Human Resources                                       
Whalen                    Human Resources                                       
Zlotkey                   Human Resources                                       
Abel                      Shipping                                              

LAST_NAME                 DEPARTMENT_NAME                                       
------------------------- ------------------------------                        
Ande                      Shipping                                              
Atkinson                  Shipping                                              
Austin                    Shipping                                              
Baer                      Shipping                                              
Baida                     Shipping                                              
Banda                     Shipping                                              
Bates                     Shipping                                              
Bell                      Shipping                                              
Bernstein                 Shipping                                              
Bissot                    Shipping                                              
Bloom                     Shipping                                              

LAST_NAME                 DEPARTMENT_NAME                                       
------------------------- ------------------------------                        
Bull                      Shipping                                              
Cabrio                    Shipping                                              
Cambrault                 Shipping                                              
Cambrault                 Shipping                                              
Chen                      Shipping                                              
Chung                     Shipping                                              
Colmenares                Shipping                                              
Davies                    Shipping                                              
De Haan                   Shipping                                              
Dellinger                 Shipping                                              
Dilly                     Shipping                                              

LAST_NAME                 DEPARTMENT_NAME                                       
------------------------- ------------------------------                        
Doran                     Shipping                                              
Ernst                     Shipping                                              
Errazuriz                 Shipping                                              
Everett                   Shipping                                              
Faviet                    Shipping                                              
Fay                       Shipping                                              
Feeney                    Shipping                                              
Fleaur                    Shipping                                              
Fox                       Shipping                                              
Fripp                     Shipping                                              
Gates                     Shipping                                              

LAST_NAME                 DEPARTMENT_NAME                                       
------------------------- ------------------------------                        
Gee                       Shipping                                              
Geoni                     Shipping                                              
Gietz                     Shipping                                              
Grant                     Shipping                                              
Grant                     Shipping                                              
Greenberg                 Shipping                                              
Greene                    Shipping                                              
Hall                      Shipping                                              
Hartstein                 Shipping                                              
Higgins                   Shipping                                              
Himuro                    Shipping                                              

LAST_NAME                 DEPARTMENT_NAME                                       
------------------------- ------------------------------                        
Hunold                    Shipping                                              
Hutton                    Shipping                                              
Johnson                   Shipping                                              
Jones                     Shipping                                              
Kaufling                  Shipping                                              
Khoo                      Shipping                                              
King                      Shipping                                              
King                      Shipping                                              
Kochhar                   Shipping                                              
Kumar                     Shipping                                              
Ladwig                    Shipping                                              

LAST_NAME                 DEPARTMENT_NAME                                       
------------------------- ------------------------------                        
Landry                    Shipping                                              
Lee                       Shipping                                              
Livingston                Shipping                                              
Lorentz                   Shipping                                              
Mallin                    Shipping                                              
Markle                    Shipping                                              
Marlow                    Shipping                                              
Marvins                   Shipping                                              
Matos                     Shipping                                              
Mavris                    Shipping                                              
McCain                    Shipping                                              

LAST_NAME                 DEPARTMENT_NAME                                       
------------------------- ------------------------------                        
McEwen                    Shipping                                              
Mikkilineni               Shipping                                              
Mourgos                   Shipping                                              
Nayer                     Shipping                                              
OConnell                  Shipping                                              
Olsen                     Shipping                                              
Olson                     Shipping                                              
Ozer                      Shipping                                              
Partners                  Shipping                                              
Pataballa                 Shipping                                              
Patel                     Shipping                                              

LAST_NAME                 DEPARTMENT_NAME                                       
------------------------- ------------------------------                        
Perkins                   Shipping                                              
Philtanker                Shipping                                              
Popp                      Shipping                                              
Rajs                      Shipping                                              
Raphaely                  Shipping                                              
Rogers                    Shipping                                              
Russell                   Shipping                                              
Sarchand                  Shipping                                              
Sciarra                   Shipping                                              
Seo                       Shipping                                              
Sewall                    Shipping                                              

LAST_NAME                 DEPARTMENT_NAME                                       
------------------------- ------------------------------                        
Smith                     Shipping                                              
Smith                     Shipping                                              
Stiles                    Shipping                                              
Sullivan                  Shipping                                              
Sully                     Shipping                                              
Taylor                    Shipping                                              
Taylor                    Shipping                                              
Tobias                    Shipping                                              
Tucker                    Shipping                                              
Tuvault                   Shipping                                              
Urman                     Shipping                                              

LAST_NAME                 DEPARTMENT_NAME                                       
------------------------- ------------------------------                        
Vargas                    Shipping                                              
Vishney                   Shipping                                              
Vollman                   Shipping                                              
Walsh                     Shipping                                              
Weiss                     Shipping                                              
Whalen                    Shipping                                              
Zlotkey                   Shipping                                              
Abel                      IT                                                    
Ande                      IT                                                    
Atkinson                  IT                                                    
Austin                    IT                                                    

LAST_NAME                 DEPARTMENT_NAME                                       
------------------------- ------------------------------                        
Baer                      IT                                                    
Baida                     IT                                                    
Banda                     IT                                                    
Bates                     IT                                                    
Bell                      IT                                                    
Bernstein                 IT                                                    
Bissot                    IT                                                    
Bloom                     IT                                                    
Bull                      IT                                                    
Cabrio                    IT                                                    
Cambrault                 IT                                                    

LAST_NAME                 DEPARTMENT_NAME                                       
------------------------- ------------------------------                        
Cambrault                 IT                                                    
Chen                      IT                                                    
Chung                     IT                                                    
Colmenares                IT                                                    
Davies                    IT                                                    
De Haan                   IT                                                    
Dellinger                 IT                                                    
Dilly                     IT                                                    
Doran                     IT                                                    
Ernst                     IT                                                    
Errazuriz                 IT                                                    

LAST_NAME                 DEPARTMENT_NAME                                       
------------------------- ------------------------------                        
Everett                   IT                                                    
Faviet                    IT                                                    
Fay                       IT                                                    
Feeney                    IT                                                    
Fleaur                    IT                                                    
Fox                       IT                                                    
Fripp                     IT                                                    
Gates                     IT                                                    
Gee                       IT                                                    
Geoni                     IT                                                    
Gietz                     IT                                                    

LAST_NAME                 DEPARTMENT_NAME                                       
------------------------- ------------------------------                        
Grant                     IT                                                    
Grant                     IT                                                    
Greenberg                 IT                                                    
Greene                    IT                                                    
Hall                      IT                                                    
Hartstein                 IT                                                    
Higgins                   IT                                                    
Himuro                    IT                                                    
Hunold                    IT                                                    
Hutton                    IT                                                    
Johnson                   IT                                                    

LAST_NAME                 DEPARTMENT_NAME                                       
------------------------- ------------------------------                        
Jones                     IT                                                    
Kaufling                  IT                                                    
Khoo                      IT                                                    
King                      IT                                                    
King                      IT                                                    
Kochhar                   IT                                                    
Kumar                     IT                                                    
Ladwig                    IT                                                    
Landry                    IT                                                    
Lee                       IT                                                    
Livingston                IT                                                    

LAST_NAME                 DEPARTMENT_NAME                                       
------------------------- ------------------------------                        
Lorentz                   IT                                                    
Mallin                    IT                                                    
Markle                    IT                                                    
Marlow                    IT                                                    
Marvins                   IT                                                    
Matos                     IT                                                    
Mavris                    IT                                                    
McCain                    IT                                                    
McEwen                    IT                                                    
Mikkilineni               IT                                                    
Mourgos                   IT                                                    

LAST_NAME                 DEPARTMENT_NAME                                       
------------------------- ------------------------------                        
Nayer                     IT                                                    
OConnell                  IT                                                    
Olsen                     IT                                                    
Olson                     IT                                                    
Ozer                      IT                                                    
Partners                  IT                                                    
Pataballa                 IT                                                    
Patel                     IT                                                    
Perkins                   IT                                                    
Philtanker                IT                                                    
Popp                      IT                                                    

LAST_NAME                 DEPARTMENT_NAME                                       
------------------------- ------------------------------                        
Rajs                      IT                                                    
Raphaely                  IT                                                    
Rogers                    IT                                                    
Russell                   IT                                                    
Sarchand                  IT                                                    
Sciarra                   IT                                                    
Seo                       IT                                                    
Sewall                    IT                                                    
Smith                     IT                                                    
Smith                     IT                                                    
Stiles                    IT                                                    

LAST_NAME                 DEPARTMENT_NAME                                       
------------------------- ------------------------------                        
Sullivan                  IT                                                    
Sully                     IT                                                    
Taylor                    IT                                                    
Taylor                    IT                                                    
Tobias                    IT                                                    
Tucker                    IT                                                    
Tuvault                   IT                                                    
Urman                     IT                                                    
Vargas                    IT                                                    
Vishney                   IT                                                    
Vollman                   IT                                                    

LAST_NAME                 DEPARTMENT_NAME                                       
------------------------- ------------------------------                        
Walsh                     IT                                                    
Weiss                     IT                                                    
Whalen                    IT                                                    
Zlotkey                   IT                                                    
Abel                      Public Relations                                      
Ande                      Public Relations                                      
Atkinson                  Public Relations                                      
Austin                    Public Relations                                      
Baer                      Public Relations                                      
Baida                     Public Relations                                      
Banda                     Public Relations                                      

LAST_NAME                 DEPARTMENT_NAME                                       
------------------------- ------------------------------                        
Bates                     Public Relations                                      
Bell                      Public Relations                                      
Bernstein                 Public Relations                                      
Bissot                    Public Relations                                      
Bloom                     Public Relations                                      
Bull                      Public Relations                                      
Cabrio                    Public Relations                                      
Cambrault                 Public Relations                                      
Cambrault                 Public Relations                                      
Chen                      Public Relations                                      
Chung                     Public Relations                                      

LAST_NAME                 DEPARTMENT_NAME                                       
------------------------- ------------------------------                        
Colmenares                Public Relations                                      
Davies                    Public Relations                                      
De Haan                   Public Relations                                      
Dellinger                 Public Relations                                      
Dilly                     Public Relations                                      
Doran                     Public Relations                                      
Ernst                     Public Relations                                      
Errazuriz                 Public Relations                                      
Everett                   Public Relations                                      
Faviet                    Public Relations                                      
Fay                       Public Relations                                      

LAST_NAME                 DEPARTMENT_NAME                                       
------------------------- ------------------------------                        
Feeney                    Public Relations                                      
Fleaur                    Public Relations                                      
Fox                       Public Relations                                      
Fripp                     Public Relations                                      
Gates                     Public Relations                                      
Gee                       Public Relations                                      
Geoni                     Public Relations                                      
Gietz                     Public Relations                                      
Grant                     Public Relations                                      
Grant                     Public Relations                                      
Greenberg                 Public Relations                                      

LAST_NAME                 DEPARTMENT_NAME                                       
------------------------- ------------------------------                        
Greene                    Public Relations                                      
Hall                      Public Relations                                      
Hartstein                 Public Relations                                      
Higgins                   Public Relations                                      
Himuro                    Public Relations                                      
Hunold                    Public Relations                                      
Hutton                    Public Relations                                      
Johnson                   Public Relations                                      
Jones                     Public Relations                                      
Kaufling                  Public Relations                                      
Khoo                      Public Relations                                      

LAST_NAME                 DEPARTMENT_NAME                                       
------------------------- ------------------------------                        
King                      Public Relations                                      
King                      Public Relations                                      
Kochhar                   Public Relations                                      
Kumar                     Public Relations                                      
Ladwig                    Public Relations                                      
Landry                    Public Relations                                      
Lee                       Public Relations                                      
Livingston                Public Relations                                      
Lorentz                   Public Relations                                      
Mallin                    Public Relations                                      
Markle                    Public Relations                                      

LAST_NAME                 DEPARTMENT_NAME                                       
------------------------- ------------------------------                        
Marlow                    Public Relations                                      
Marvins                   Public Relations                                      
Matos                     Public Relations                                      
Mavris                    Public Relations                                      
McCain                    Public Relations                                      
McEwen                    Public Relations                                      
Mikkilineni               Public Relations                                      
Mourgos                   Public Relations                                      
Nayer                     Public Relations                                      
OConnell                  Public Relations                                      
Olsen                     Public Relations                                      

LAST_NAME                 DEPARTMENT_NAME                                       
------------------------- ------------------------------                        
Olson                     Public Relations                                      
Ozer                      Public Relations                                      
Partners                  Public Relations                                      
Pataballa                 Public Relations                                      
Patel                     Public Relations                                      
Perkins                   Public Relations                                      
Philtanker                Public Relations                                      
Popp                      Public Relations                                      
Rajs                      Public Relations                                      
Raphaely                  Public Relations                                      
Rogers                    Public Relations                                      

LAST_NAME                 DEPARTMENT_NAME                                       
------------------------- ------------------------------                        
Russell                   Public Relations                                      
Sarchand                  Public Relations                                      
Sciarra                   Public Relations                                      
Seo                       Public Relations                                      
Sewall                    Public Relations                                      
Smith                     Public Relations                                      
Smith                     Public Relations                                      
Stiles                    Public Relations                                      
Sullivan                  Public Relations                                      
Sully                     Public Relations                                      
Taylor                    Public Relations                                      

LAST_NAME                 DEPARTMENT_NAME                                       
------------------------- ------------------------------                        
Taylor                    Public Relations                                      
Tobias                    Public Relations                                      
Tucker                    Public Relations                                      
Tuvault                   Public Relations                                      
Urman                     Public Relations                                      
Vargas                    Public Relations                                      
Vishney                   Public Relations                                      
Vollman                   Public Relations                                      
Walsh                     Public Relations                                      
Weiss                     Public Relations                                      
Whalen                    Public Relations                                      

LAST_NAME                 DEPARTMENT_NAME                                       
------------------------- ------------------------------                        
Zlotkey                   Public Relations                                      
Abel                      Sales                                                 
Ande                      Sales                                                 
Atkinson                  Sales                                                 
Austin                    Sales                                                 
Baer                      Sales                                                 
Baida                     Sales                                                 
Banda                     Sales                                                 
Bates                     Sales                                                 
Bell                      Sales                                                 
Bernstein                 Sales                                                 

LAST_NAME                 DEPARTMENT_NAME                                       
------------------------- ------------------------------                        
Bissot                    Sales                                                 
Bloom                     Sales                                                 
Bull                      Sales                                                 
Cabrio                    Sales                                                 
Cambrault                 Sales                                                 
Cambrault                 Sales                                                 
Chen                      Sales                                                 
Chung                     Sales                                                 
Colmenares                Sales                                                 
Davies                    Sales                                                 
De Haan                   Sales                                                 

LAST_NAME                 DEPARTMENT_NAME                                       
------------------------- ------------------------------                        
Dellinger                 Sales                                                 
Dilly                     Sales                                                 
Doran                     Sales                                                 
Ernst                     Sales                                                 
Errazuriz                 Sales                                                 
Everett                   Sales                                                 
Faviet                    Sales                                                 
Fay                       Sales                                                 
Feeney                    Sales                                                 
Fleaur                    Sales                                                 
Fox                       Sales                                                 

LAST_NAME                 DEPARTMENT_NAME                                       
------------------------- ------------------------------                        
Fripp                     Sales                                                 
Gates                     Sales                                                 
Gee                       Sales                                                 
Geoni                     Sales                                                 
Gietz                     Sales                                                 
Grant                     Sales                                                 
Grant                     Sales                                                 
Greenberg                 Sales                                                 
Greene                    Sales                                                 
Hall                      Sales                                                 
Hartstein                 Sales                                                 

LAST_NAME                 DEPARTMENT_NAME                                       
------------------------- ------------------------------                        
Higgins                   Sales                                                 
Himuro                    Sales                                                 
Hunold                    Sales                                                 
Hutton                    Sales                                                 
Johnson                   Sales                                                 
Jones                     Sales                                                 
Kaufling                  Sales                                                 
Khoo                      Sales                                                 
King                      Sales                                                 
King                      Sales                                                 
Kochhar                   Sales                                                 

LAST_NAME                 DEPARTMENT_NAME                                       
------------------------- ------------------------------                        
Kumar                     Sales                                                 
Ladwig                    Sales                                                 
Landry                    Sales                                                 
Lee                       Sales                                                 
Livingston                Sales                                                 
Lorentz                   Sales                                                 
Mallin                    Sales                                                 
Markle                    Sales                                                 
Marlow                    Sales                                                 
Marvins                   Sales                                                 
Matos                     Sales                                                 

LAST_NAME                 DEPARTMENT_NAME                                       
------------------------- ------------------------------                        
Mavris                    Sales                                                 
McCain                    Sales                                                 
McEwen                    Sales                                                 
Mikkilineni               Sales                                                 
Mourgos                   Sales                                                 
Nayer                     Sales                                                 
OConnell                  Sales                                                 
Olsen                     Sales                                                 
Olson                     Sales                                                 
Ozer                      Sales                                                 
Partners                  Sales                                                 

LAST_NAME                 DEPARTMENT_NAME                                       
------------------------- ------------------------------                        
Pataballa                 Sales                                                 
Patel                     Sales                                                 
Perkins                   Sales                                                 
Philtanker                Sales                                                 
Popp                      Sales                                                 
Rajs                      Sales                                                 
Raphaely                  Sales                                                 
Rogers                    Sales                                                 
Russell                   Sales                                                 
Sarchand                  Sales                                                 
Sciarra                   Sales                                                 

LAST_NAME                 DEPARTMENT_NAME                                       
------------------------- ------------------------------                        
Seo                       Sales                                                 
Sewall                    Sales                                                 
Smith                     Sales                                                 
Smith                     Sales                                                 
Stiles                    Sales                                                 
Sullivan                  Sales                                                 
Sully                     Sales                                                 
Taylor                    Sales                                                 
Taylor                    Sales                                                 
Tobias                    Sales                                                 
Tucker                    Sales                                                 

LAST_NAME                 DEPARTMENT_NAME                                       
------------------------- ------------------------------                        
Tuvault                   Sales                                                 
Urman                     Sales                                                 
Vargas                    Sales                                                 
Vishney                   Sales                                                 
Vollman                   Sales                                                 
Walsh                     Sales                                                 
Weiss                     Sales                                                 
Whalen                    Sales                                                 
Zlotkey                   Sales                                                 
Abel                      Executive                                             
Ande                      Executive                                             

LAST_NAME                 DEPARTMENT_NAME                                       
------------------------- ------------------------------                        
Atkinson                  Executive                                             
Austin                    Executive                                             
Baer                      Executive                                             
Baida                     Executive                                             
Banda                     Executive                                             
Bates                     Executive                                             
Bell                      Executive                                             
Bernstein                 Executive                                             
Bissot                    Executive                                             
Bloom                     Executive                                             
Bull                      Executive                                             

LAST_NAME                 DEPARTMENT_NAME                                       
------------------------- ------------------------------                        
Cabrio                    Executive                                             
Cambrault                 Executive                                             
Cambrault                 Executive                                             
Chen                      Executive                                             
Chung                     Executive                                             
Colmenares                Executive                                             
Davies                    Executive                                             
De Haan                   Executive                                             
Dellinger                 Executive                                             
Dilly                     Executive                                             
Doran                     Executive                                             

LAST_NAME                 DEPARTMENT_NAME                                       
------------------------- ------------------------------                        
Ernst                     Executive                                             
Errazuriz                 Executive                                             
Everett                   Executive                                             
Faviet                    Executive                                             
Fay                       Executive                                             
Feeney                    Executive                                             
Fleaur                    Executive                                             
Fox                       Executive                                             
Fripp                     Executive                                             
Gates                     Executive                                             
Gee                       Executive                                             

LAST_NAME                 DEPARTMENT_NAME                                       
------------------------- ------------------------------                        
Geoni                     Executive                                             
Gietz                     Executive                                             
Grant                     Executive                                             
Grant                     Executive                                             
Greenberg                 Executive                                             
Greene                    Executive                                             
Hall                      Executive                                             
Hartstein                 Executive                                             
Higgins                   Executive                                             
Himuro                    Executive                                             
Hunold                    Executive                                             

LAST_NAME                 DEPARTMENT_NAME                                       
------------------------- ------------------------------                        
Hutton                    Executive                                             
Johnson                   Executive                                             
Jones                     Executive                                             
Kaufling                  Executive                                             
Khoo                      Executive                                             
King                      Executive                                             
King                      Executive                                             
Kochhar                   Executive                                             
Kumar                     Executive                                             
Ladwig                    Executive                                             
Landry                    Executive                                             

LAST_NAME                 DEPARTMENT_NAME                                       
------------------------- ------------------------------                        
Lee                       Executive                                             
Livingston                Executive                                             
Lorentz                   Executive                                             
Mallin                    Executive                                             
Markle                    Executive                                             
Marlow                    Executive                                             
Marvins                   Executive                                             
Matos                     Executive                                             
Mavris                    Executive                                             
McCain                    Executive                                             
McEwen                    Executive                                             

LAST_NAME                 DEPARTMENT_NAME                                       
------------------------- ------------------------------                        
Mikkilineni               Executive                                             
Mourgos                   Executive                                             
Nayer                     Executive                                             
OConnell                  Executive                                             
Olsen                     Executive                                             
Olson                     Executive                                             
Ozer                      Executive                                             
Partners                  Executive                                             
Pataballa                 Executive                                             
Patel                     Executive                                             
Perkins                   Executive                                             

LAST_NAME                 DEPARTMENT_NAME                                       
------------------------- ------------------------------                        
Philtanker                Executive                                             
Popp                      Executive                                             
Rajs                      Executive                                             
Raphaely                  Executive                                             
Rogers                    Executive                                             
Russell                   Executive                                             
Sarchand                  Executive                                             
Sciarra                   Executive                                             
Seo                       Executive                                             
Sewall                    Executive                                             
Smith                     Executive                                             

LAST_NAME                 DEPARTMENT_NAME                                       
------------------------- ------------------------------                        
Smith                     Executive                                             
Stiles                    Executive                                             
Sullivan                  Executive                                             
Sully                     Executive                                             
Taylor                    Executive                                             
Taylor                    Executive                                             
Tobias                    Executive                                             
Tucker                    Executive                                             
Tuvault                   Executive                                             
Urman                     Executive                                             
Vargas                    Executive                                             

LAST_NAME                 DEPARTMENT_NAME                                       
------------------------- ------------------------------                        
Vishney                   Executive                                             
Vollman                   Executive                                             
Walsh                     Executive                                             
Weiss                     Executive                                             
Whalen                    Executive                                             
Zlotkey                   Executive                                             
Abel                      Finance                                               
Ande                      Finance                                               
Atkinson                  Finance                                               
Austin                    Finance                                               
Baer                      Finance                                               

LAST_NAME                 DEPARTMENT_NAME                                       
------------------------- ------------------------------                        
Baida                     Finance                                               
Banda                     Finance                                               
Bates                     Finance                                               
Bell                      Finance                                               
Bernstein                 Finance                                               
Bissot                    Finance                                               
Bloom                     Finance                                               
Bull                      Finance                                               
Cabrio                    Finance                                               
Cambrault                 Finance                                               
Cambrault                 Finance                                               

LAST_NAME                 DEPARTMENT_NAME                                       
------------------------- ------------------------------                        
Chen                      Finance                                               
Chung                     Finance                                               
Colmenares                Finance                                               
Davies                    Finance                                               
De Haan                   Finance                                               
Dellinger                 Finance                                               
Dilly                     Finance                                               
Doran                     Finance                                               
Ernst                     Finance                                               
Errazuriz                 Finance                                               
Everett                   Finance                                               

LAST_NAME                 DEPARTMENT_NAME                                       
------------------------- ------------------------------                        
Faviet                    Finance                                               
Fay                       Finance                                               
Feeney                    Finance                                               
Fleaur                    Finance                                               
Fox                       Finance                                               
Fripp                     Finance                                               
Gates                     Finance                                               
Gee                       Finance                                               
Geoni                     Finance                                               
Gietz                     Finance                                               
Grant                     Finance                                               

LAST_NAME                 DEPARTMENT_NAME                                       
------------------------- ------------------------------                        
Grant                     Finance                                               
Greenberg                 Finance                                               
Greene                    Finance                                               
Hall                      Finance                                               
Hartstein                 Finance                                               
Higgins                   Finance                                               
Himuro                    Finance                                               
Hunold                    Finance                                               
Hutton                    Finance                                               
Johnson                   Finance                                               
Jones                     Finance                                               

LAST_NAME                 DEPARTMENT_NAME                                       
------------------------- ------------------------------                        
Kaufling                  Finance                                               
Khoo                      Finance                                               
King                      Finance                                               
King                      Finance                                               
Kochhar                   Finance                                               
Kumar                     Finance                                               
Ladwig                    Finance                                               
Landry                    Finance                                               
Lee                       Finance                                               
Livingston                Finance                                               
Lorentz                   Finance                                               

LAST_NAME                 DEPARTMENT_NAME                                       
------------------------- ------------------------------                        
Mallin                    Finance                                               
Markle                    Finance                                               
Marlow                    Finance                                               
Marvins                   Finance                                               
Matos                     Finance                                               
Mavris                    Finance                                               
McCain                    Finance                                               
McEwen                    Finance                                               
Mikkilineni               Finance                                               
Mourgos                   Finance                                               
Nayer                     Finance                                               

LAST_NAME                 DEPARTMENT_NAME                                       
------------------------- ------------------------------                        
OConnell                  Finance                                               
Olsen                     Finance                                               
Olson                     Finance                                               
Ozer                      Finance                                               
Partners                  Finance                                               
Pataballa                 Finance                                               
Patel                     Finance                                               
Perkins                   Finance                                               
Philtanker                Finance                                               
Popp                      Finance                                               
Rajs                      Finance                                               

LAST_NAME                 DEPARTMENT_NAME                                       
------------------------- ------------------------------                        
Raphaely                  Finance                                               
Rogers                    Finance                                               
Russell                   Finance                                               
Sarchand                  Finance                                               
Sciarra                   Finance                                               
Seo                       Finance                                               
Sewall                    Finance                                               
Smith                     Finance                                               
Smith                     Finance                                               
Stiles                    Finance                                               
Sullivan                  Finance                                               

LAST_NAME                 DEPARTMENT_NAME                                       
------------------------- ------------------------------                        
Sully                     Finance                                               
Taylor                    Finance                                               
Taylor                    Finance                                               
Tobias                    Finance                                               
Tucker                    Finance                                               
Tuvault                   Finance                                               
Urman                     Finance                                               
Vargas                    Finance                                               
Vishney                   Finance                                               
Vollman                   Finance                                               
Walsh                     Finance                                               

LAST_NAME                 DEPARTMENT_NAME                                       
------------------------- ------------------------------                        
Weiss                     Finance                                               
Whalen                    Finance                                               
Zlotkey                   Finance                                               
Abel                      Accounting                                            
Ande                      Accounting                                            
Atkinson                  Accounting                                            
Austin                    Accounting                                            
Baer                      Accounting                                            
Baida                     Accounting                                            
Banda                     Accounting                                            
Bates                     Accounting                                            

LAST_NAME                 DEPARTMENT_NAME                                       
------------------------- ------------------------------                        
Bell                      Accounting                                            
Bernstein                 Accounting                                            
Bissot                    Accounting                                            
Bloom                     Accounting                                            
Bull                      Accounting                                            
Cabrio                    Accounting                                            
Cambrault                 Accounting                                            
Cambrault                 Accounting                                            
Chen                      Accounting                                            
Chung                     Accounting                                            
Colmenares                Accounting                                            

LAST_NAME                 DEPARTMENT_NAME                                       
------------------------- ------------------------------                        
Davies                    Accounting                                            
De Haan                   Accounting                                            
Dellinger                 Accounting                                            
Dilly                     Accounting                                            
Doran                     Accounting                                            
Ernst                     Accounting                                            
Errazuriz                 Accounting                                            
Everett                   Accounting                                            
Faviet                    Accounting                                            
Fay                       Accounting                                            
Feeney                    Accounting                                            

LAST_NAME                 DEPARTMENT_NAME                                       
------------------------- ------------------------------                        
Fleaur                    Accounting                                            
Fox                       Accounting                                            
Fripp                     Accounting                                            
Gates                     Accounting                                            
Gee                       Accounting                                            
Geoni                     Accounting                                            
Gietz                     Accounting                                            
Grant                     Accounting                                            
Grant                     Accounting                                            
Greenberg                 Accounting                                            
Greene                    Accounting                                            

LAST_NAME                 DEPARTMENT_NAME                                       
------------------------- ------------------------------                        
Hall                      Accounting                                            
Hartstein                 Accounting                                            
Higgins                   Accounting                                            
Himuro                    Accounting                                            
Hunold                    Accounting                                            
Hutton                    Accounting                                            
Johnson                   Accounting                                            
Jones                     Accounting                                            
Kaufling                  Accounting                                            
Khoo                      Accounting                                            
King                      Accounting                                            

LAST_NAME                 DEPARTMENT_NAME                                       
------------------------- ------------------------------                        
King                      Accounting                                            
Kochhar                   Accounting                                            
Kumar                     Accounting                                            
Ladwig                    Accounting                                            
Landry                    Accounting                                            
Lee                       Accounting                                            
Livingston                Accounting                                            
Lorentz                   Accounting                                            
Mallin                    Accounting                                            
Markle                    Accounting                                            
Marlow                    Accounting                                            

LAST_NAME                 DEPARTMENT_NAME                                       
------------------------- ------------------------------                        
Marvins                   Accounting                                            
Matos                     Accounting                                            
Mavris                    Accounting                                            
McCain                    Accounting                                            
McEwen                    Accounting                                            
Mikkilineni               Accounting                                            
Mourgos                   Accounting                                            
Nayer                     Accounting                                            
OConnell                  Accounting                                            
Olsen                     Accounting                                            
Olson                     Accounting                                            

LAST_NAME                 DEPARTMENT_NAME                                       
------------------------- ------------------------------                        
Ozer                      Accounting                                            
Partners                  Accounting                                            
Pataballa                 Accounting                                            
Patel                     Accounting                                            
Perkins                   Accounting                                            
Philtanker                Accounting                                            
Popp                      Accounting                                            
Rajs                      Accounting                                            
Raphaely                  Accounting                                            
Rogers                    Accounting                                            
Russell                   Accounting                                            

LAST_NAME                 DEPARTMENT_NAME                                       
------------------------- ------------------------------                        
Sarchand                  Accounting                                            
Sciarra                   Accounting                                            
Seo                       Accounting                                            
Sewall                    Accounting                                            
Smith                     Accounting                                            
Smith                     Accounting                                            
Stiles                    Accounting                                            
Sullivan                  Accounting                                            
Sully                     Accounting                                            
Taylor                    Accounting                                            
Taylor                    Accounting                                            

LAST_NAME                 DEPARTMENT_NAME                                       
------------------------- ------------------------------                        
Tobias                    Accounting                                            
Tucker                    Accounting                                            
Tuvault                   Accounting                                            
Urman                     Accounting                                            
Vargas                    Accounting                                            
Vishney                   Accounting                                            
Vollman                   Accounting                                            
Walsh                     Accounting                                            
Weiss                     Accounting                                            
Whalen                    Accounting                                            
Zlotkey                   Accounting                                            

LAST_NAME                 DEPARTMENT_NAME                                       
------------------------- ------------------------------                        
Abel                      Treasury                                              
Ande                      Treasury                                              
Atkinson                  Treasury                                              
Austin                    Treasury                                              
Baer                      Treasury                                              
Baida                     Treasury                                              
Banda                     Treasury                                              
Bates                     Treasury                                              
Bell                      Treasury                                              
Bernstein                 Treasury                                              
Bissot                    Treasury                                              

LAST_NAME                 DEPARTMENT_NAME                                       
------------------------- ------------------------------                        
Bloom                     Treasury                                              
Bull                      Treasury                                              
Cabrio                    Treasury                                              
Cambrault                 Treasury                                              
Cambrault                 Treasury                                              
Chen                      Treasury                                              
Chung                     Treasury                                              
Colmenares                Treasury                                              
Davies                    Treasury                                              
De Haan                   Treasury                                              
Dellinger                 Treasury                                              

LAST_NAME                 DEPARTMENT_NAME                                       
------------------------- ------------------------------                        
Dilly                     Treasury                                              
Doran                     Treasury                                              
Ernst                     Treasury                                              
Errazuriz                 Treasury                                              
Everett                   Treasury                                              
Faviet                    Treasury                                              
Fay                       Treasury                                              
Feeney                    Treasury                                              
Fleaur                    Treasury                                              
Fox                       Treasury                                              
Fripp                     Treasury                                              

LAST_NAME                 DEPARTMENT_NAME                                       
------------------------- ------------------------------                        
Gates                     Treasury                                              
Gee                       Treasury                                              
Geoni                     Treasury                                              
Gietz                     Treasury                                              
Grant                     Treasury                                              
Grant                     Treasury                                              
Greenberg                 Treasury                                              
Greene                    Treasury                                              
Hall                      Treasury                                              
Hartstein                 Treasury                                              
Higgins                   Treasury                                              

LAST_NAME                 DEPARTMENT_NAME                                       
------------------------- ------------------------------                        
Himuro                    Treasury                                              
Hunold                    Treasury                                              
Hutton                    Treasury                                              
Johnson                   Treasury                                              
Jones                     Treasury                                              
Kaufling                  Treasury                                              
Khoo                      Treasury                                              
King                      Treasury                                              
King                      Treasury                                              
Kochhar                   Treasury                                              
Kumar                     Treasury                                              

LAST_NAME                 DEPARTMENT_NAME                                       
------------------------- ------------------------------                        
Ladwig                    Treasury                                              
Landry                    Treasury                                              
Lee                       Treasury                                              
Livingston                Treasury                                              
Lorentz                   Treasury                                              
Mallin                    Treasury                                              
Markle                    Treasury                                              
Marlow                    Treasury                                              
Marvins                   Treasury                                              
Matos                     Treasury                                              
Mavris                    Treasury                                              

LAST_NAME                 DEPARTMENT_NAME                                       
------------------------- ------------------------------                        
McCain                    Treasury                                              
McEwen                    Treasury                                              
Mikkilineni               Treasury                                              
Mourgos                   Treasury                                              
Nayer                     Treasury                                              
OConnell                  Treasury                                              
Olsen                     Treasury                                              
Olson                     Treasury                                              
Ozer                      Treasury                                              
Partners                  Treasury                                              
Pataballa                 Treasury                                              

LAST_NAME                 DEPARTMENT_NAME                                       
------------------------- ------------------------------                        
Patel                     Treasury                                              
Perkins                   Treasury                                              
Philtanker                Treasury                                              
Popp                      Treasury                                              
Rajs                      Treasury                                              
Raphaely                  Treasury                                              
Rogers                    Treasury                                              
Russell                   Treasury                                              
Sarchand                  Treasury                                              
Sciarra                   Treasury                                              
Seo                       Treasury                                              

LAST_NAME                 DEPARTMENT_NAME                                       
------------------------- ------------------------------                        
Sewall                    Treasury                                              
Smith                     Treasury                                              
Smith                     Treasury                                              
Stiles                    Treasury                                              
Sullivan                  Treasury                                              
Sully                     Treasury                                              
Taylor                    Treasury                                              
Taylor                    Treasury                                              
Tobias                    Treasury                                              
Tucker                    Treasury                                              
Tuvault                   Treasury                                              

LAST_NAME                 DEPARTMENT_NAME                                       
------------------------- ------------------------------                        
Urman                     Treasury                                              
Vargas                    Treasury                                              
Vishney                   Treasury                                              
Vollman                   Treasury                                              
Walsh                     Treasury                                              
Weiss                     Treasury                                              
Whalen                    Treasury                                              
Zlotkey                   Treasury                                              
Abel                      Corporate Tax                                         
Ande                      Corporate Tax                                         
Atkinson                  Corporate Tax                                         

LAST_NAME                 DEPARTMENT_NAME                                       
------------------------- ------------------------------                        
Austin                    Corporate Tax                                         
Baer                      Corporate Tax                                         
Baida                     Corporate Tax                                         
Banda                     Corporate Tax                                         
Bates                     Corporate Tax                                         
Bell                      Corporate Tax                                         
Bernstein                 Corporate Tax                                         
Bissot                    Corporate Tax                                         
Bloom                     Corporate Tax                                         
Bull                      Corporate Tax                                         
Cabrio                    Corporate Tax                                         

LAST_NAME                 DEPARTMENT_NAME                                       
------------------------- ------------------------------                        
Cambrault                 Corporate Tax                                         
Cambrault                 Corporate Tax                                         
Chen                      Corporate Tax                                         
Chung                     Corporate Tax                                         
Colmenares                Corporate Tax                                         
Davies                    Corporate Tax                                         
De Haan                   Corporate Tax                                         
Dellinger                 Corporate Tax                                         
Dilly                     Corporate Tax                                         
Doran                     Corporate Tax                                         
Ernst                     Corporate Tax                                         

LAST_NAME                 DEPARTMENT_NAME                                       
------------------------- ------------------------------                        
Errazuriz                 Corporate Tax                                         
Everett                   Corporate Tax                                         
Faviet                    Corporate Tax                                         
Fay                       Corporate Tax                                         
Feeney                    Corporate Tax                                         
Fleaur                    Corporate Tax                                         
Fox                       Corporate Tax                                         
Fripp                     Corporate Tax                                         
Gates                     Corporate Tax                                         
Gee                       Corporate Tax                                         
Geoni                     Corporate Tax                                         

LAST_NAME                 DEPARTMENT_NAME                                       
------------------------- ------------------------------                        
Gietz                     Corporate Tax                                         
Grant                     Corporate Tax                                         
Grant                     Corporate Tax                                         
Greenberg                 Corporate Tax                                         
Greene                    Corporate Tax                                         
Hall                      Corporate Tax                                         
Hartstein                 Corporate Tax                                         
Higgins                   Corporate Tax                                         
Himuro                    Corporate Tax                                         
Hunold                    Corporate Tax                                         
Hutton                    Corporate Tax                                         

LAST_NAME                 DEPARTMENT_NAME                                       
------------------------- ------------------------------                        
Johnson                   Corporate Tax                                         
Jones                     Corporate Tax                                         
Kaufling                  Corporate Tax                                         
Khoo                      Corporate Tax                                         
King                      Corporate Tax                                         
King                      Corporate Tax                                         
Kochhar                   Corporate Tax                                         
Kumar                     Corporate Tax                                         
Ladwig                    Corporate Tax                                         
Landry                    Corporate Tax                                         
Lee                       Corporate Tax                                         

LAST_NAME                 DEPARTMENT_NAME                                       
------------------------- ------------------------------                        
Livingston                Corporate Tax                                         
Lorentz                   Corporate Tax                                         
Mallin                    Corporate Tax                                         
Markle                    Corporate Tax                                         
Marlow                    Corporate Tax                                         
Marvins                   Corporate Tax                                         
Matos                     Corporate Tax                                         
Mavris                    Corporate Tax                                         
McCain                    Corporate Tax                                         
McEwen                    Corporate Tax                                         
Mikkilineni               Corporate Tax                                         

LAST_NAME                 DEPARTMENT_NAME                                       
------------------------- ------------------------------                        
Mourgos                   Corporate Tax                                         
Nayer                     Corporate Tax                                         
OConnell                  Corporate Tax                                         
Olsen                     Corporate Tax                                         
Olson                     Corporate Tax                                         
Ozer                      Corporate Tax                                         
Partners                  Corporate Tax                                         
Pataballa                 Corporate Tax                                         
Patel                     Corporate Tax                                         
Perkins                   Corporate Tax                                         
Philtanker                Corporate Tax                                         

LAST_NAME                 DEPARTMENT_NAME                                       
------------------------- ------------------------------                        
Popp                      Corporate Tax                                         
Rajs                      Corporate Tax                                         
Raphaely                  Corporate Tax                                         
Rogers                    Corporate Tax                                         
Russell                   Corporate Tax                                         
Sarchand                  Corporate Tax                                         
Sciarra                   Corporate Tax                                         
Seo                       Corporate Tax                                         
Sewall                    Corporate Tax                                         
Smith                     Corporate Tax                                         
Smith                     Corporate Tax                                         

LAST_NAME                 DEPARTMENT_NAME                                       
------------------------- ------------------------------                        
Stiles                    Corporate Tax                                         
Sullivan                  Corporate Tax                                         
Sully                     Corporate Tax                                         
Taylor                    Corporate Tax                                         
Taylor                    Corporate Tax                                         
Tobias                    Corporate Tax                                         
Tucker                    Corporate Tax                                         
Tuvault                   Corporate Tax                                         
Urman                     Corporate Tax                                         
Vargas                    Corporate Tax                                         
Vishney                   Corporate Tax                                         

LAST_NAME                 DEPARTMENT_NAME                                       
------------------------- ------------------------------                        
Vollman                   Corporate Tax                                         
Walsh                     Corporate Tax                                         
Weiss                     Corporate Tax                                         
Whalen                    Corporate Tax                                         
Zlotkey                   Corporate Tax                                         
Abel                      Control And Credit                                    
Ande                      Control And Credit                                    
Atkinson                  Control And Credit                                    
Austin                    Control And Credit                                    
Baer                      Control And Credit                                    
Baida                     Control And Credit                                    

LAST_NAME                 DEPARTMENT_NAME                                       
------------------------- ------------------------------                        
Banda                     Control And Credit                                    
Bates                     Control And Credit                                    
Bell                      Control And Credit                                    
Bernstein                 Control And Credit                                    
Bissot                    Control And Credit                                    
Bloom                     Control And Credit                                    
Bull                      Control And Credit                                    
Cabrio                    Control And Credit                                    
Cambrault                 Control And Credit                                    
Cambrault                 Control And Credit                                    
Chen                      Control And Credit                                    

LAST_NAME                 DEPARTMENT_NAME                                       
------------------------- ------------------------------                        
Chung                     Control And Credit                                    
Colmenares                Control And Credit                                    
Davies                    Control And Credit                                    
De Haan                   Control And Credit                                    
Dellinger                 Control And Credit                                    
Dilly                     Control And Credit                                    
Doran                     Control And Credit                                    
Ernst                     Control And Credit                                    
Errazuriz                 Control And Credit                                    
Everett                   Control And Credit                                    
Faviet                    Control And Credit                                    

LAST_NAME                 DEPARTMENT_NAME                                       
------------------------- ------------------------------                        
Fay                       Control And Credit                                    
Feeney                    Control And Credit                                    
Fleaur                    Control And Credit                                    
Fox                       Control And Credit                                    
Fripp                     Control And Credit                                    
Gates                     Control And Credit                                    
Gee                       Control And Credit                                    
Geoni                     Control And Credit                                    
Gietz                     Control And Credit                                    
Grant                     Control And Credit                                    
Grant                     Control And Credit                                    

LAST_NAME                 DEPARTMENT_NAME                                       
------------------------- ------------------------------                        
Greenberg                 Control And Credit                                    
Greene                    Control And Credit                                    
Hall                      Control And Credit                                    
Hartstein                 Control And Credit                                    
Higgins                   Control And Credit                                    
Himuro                    Control And Credit                                    
Hunold                    Control And Credit                                    
Hutton                    Control And Credit                                    
Johnson                   Control And Credit                                    
Jones                     Control And Credit                                    
Kaufling                  Control And Credit                                    

LAST_NAME                 DEPARTMENT_NAME                                       
------------------------- ------------------------------                        
Khoo                      Control And Credit                                    
King                      Control And Credit                                    
King                      Control And Credit                                    
Kochhar                   Control And Credit                                    
Kumar                     Control And Credit                                    
Ladwig                    Control And Credit                                    
Landry                    Control And Credit                                    
Lee                       Control And Credit                                    
Livingston                Control And Credit                                    
Lorentz                   Control And Credit                                    
Mallin                    Control And Credit                                    

LAST_NAME                 DEPARTMENT_NAME                                       
------------------------- ------------------------------                        
Markle                    Control And Credit                                    
Marlow                    Control And Credit                                    
Marvins                   Control And Credit                                    
Matos                     Control And Credit                                    
Mavris                    Control And Credit                                    
McCain                    Control And Credit                                    
McEwen                    Control And Credit                                    
Mikkilineni               Control And Credit                                    
Mourgos                   Control And Credit                                    
Nayer                     Control And Credit                                    
OConnell                  Control And Credit                                    

LAST_NAME                 DEPARTMENT_NAME                                       
------------------------- ------------------------------                        
Olsen                     Control And Credit                                    
Olson                     Control And Credit                                    
Ozer                      Control And Credit                                    
Partners                  Control And Credit                                    
Pataballa                 Control And Credit                                    
Patel                     Control And Credit                                    
Perkins                   Control And Credit                                    
Philtanker                Control And Credit                                    
Popp                      Control And Credit                                    
Rajs                      Control And Credit                                    
Raphaely                  Control And Credit                                    

LAST_NAME                 DEPARTMENT_NAME                                       
------------------------- ------------------------------                        
Rogers                    Control And Credit                                    
Russell                   Control And Credit                                    
Sarchand                  Control And Credit                                    
Sciarra                   Control And Credit                                    
Seo                       Control And Credit                                    
Sewall                    Control And Credit                                    
Smith                     Control And Credit                                    
Smith                     Control And Credit                                    
Stiles                    Control And Credit                                    
Sullivan                  Control And Credit                                    
Sully                     Control And Credit                                    

LAST_NAME                 DEPARTMENT_NAME                                       
------------------------- ------------------------------                        
Taylor                    Control And Credit                                    
Taylor                    Control And Credit                                    
Tobias                    Control And Credit                                    
Tucker                    Control And Credit                                    
Tuvault                   Control And Credit                                    
Urman                     Control And Credit                                    
Vargas                    Control And Credit                                    
Vishney                   Control And Credit                                    
Vollman                   Control And Credit                                    
Walsh                     Control And Credit                                    
Weiss                     Control And Credit                                    

LAST_NAME                 DEPARTMENT_NAME                                       
------------------------- ------------------------------                        
Whalen                    Control And Credit                                    
Zlotkey                   Control And Credit                                    
Abel                      Shareholder Services                                  
Ande                      Shareholder Services                                  
Atkinson                  Shareholder Services                                  
Austin                    Shareholder Services                                  
Baer                      Shareholder Services                                  
Baida                     Shareholder Services                                  
Banda                     Shareholder Services                                  
Bates                     Shareholder Services                                  
Bell                      Shareholder Services                                  

LAST_NAME                 DEPARTMENT_NAME                                       
------------------------- ------------------------------                        
Bernstein                 Shareholder Services                                  
Bissot                    Shareholder Services                                  
Bloom                     Shareholder Services                                  
Bull                      Shareholder Services                                  
Cabrio                    Shareholder Services                                  
Cambrault                 Shareholder Services                                  
Cambrault                 Shareholder Services                                  
Chen                      Shareholder Services                                  
Chung                     Shareholder Services                                  
Colmenares                Shareholder Services                                  
Davies                    Shareholder Services                                  

LAST_NAME                 DEPARTMENT_NAME                                       
------------------------- ------------------------------                        
De Haan                   Shareholder Services                                  
Dellinger                 Shareholder Services                                  
Dilly                     Shareholder Services                                  
Doran                     Shareholder Services                                  
Ernst                     Shareholder Services                                  
Errazuriz                 Shareholder Services                                  
Everett                   Shareholder Services                                  
Faviet                    Shareholder Services                                  
Fay                       Shareholder Services                                  
Feeney                    Shareholder Services                                  
Fleaur                    Shareholder Services                                  

LAST_NAME                 DEPARTMENT_NAME                                       
------------------------- ------------------------------                        
Fox                       Shareholder Services                                  
Fripp                     Shareholder Services                                  
Gates                     Shareholder Services                                  
Gee                       Shareholder Services                                  
Geoni                     Shareholder Services                                  
Gietz                     Shareholder Services                                  
Grant                     Shareholder Services                                  
Grant                     Shareholder Services                                  
Greenberg                 Shareholder Services                                  
Greene                    Shareholder Services                                  
Hall                      Shareholder Services                                  

LAST_NAME                 DEPARTMENT_NAME                                       
------------------------- ------------------------------                        
Hartstein                 Shareholder Services                                  
Higgins                   Shareholder Services                                  
Himuro                    Shareholder Services                                  
Hunold                    Shareholder Services                                  
Hutton                    Shareholder Services                                  
Johnson                   Shareholder Services                                  
Jones                     Shareholder Services                                  
Kaufling                  Shareholder Services                                  
Khoo                      Shareholder Services                                  
King                      Shareholder Services                                  
King                      Shareholder Services                                  

LAST_NAME                 DEPARTMENT_NAME                                       
------------------------- ------------------------------                        
Kochhar                   Shareholder Services                                  
Kumar                     Shareholder Services                                  
Ladwig                    Shareholder Services                                  
Landry                    Shareholder Services                                  
Lee                       Shareholder Services                                  
Livingston                Shareholder Services                                  
Lorentz                   Shareholder Services                                  
Mallin                    Shareholder Services                                  
Markle                    Shareholder Services                                  
Marlow                    Shareholder Services                                  
Marvins                   Shareholder Services                                  

LAST_NAME                 DEPARTMENT_NAME                                       
------------------------- ------------------------------                        
Matos                     Shareholder Services                                  
Mavris                    Shareholder Services                                  
McCain                    Shareholder Services                                  
McEwen                    Shareholder Services                                  
Mikkilineni               Shareholder Services                                  
Mourgos                   Shareholder Services                                  
Nayer                     Shareholder Services                                  
OConnell                  Shareholder Services                                  
Olsen                     Shareholder Services                                  
Olson                     Shareholder Services                                  
Ozer                      Shareholder Services                                  

LAST_NAME                 DEPARTMENT_NAME                                       
------------------------- ------------------------------                        
Partners                  Shareholder Services                                  
Pataballa                 Shareholder Services                                  
Patel                     Shareholder Services                                  
Perkins                   Shareholder Services                                  
Philtanker                Shareholder Services                                  
Popp                      Shareholder Services                                  
Rajs                      Shareholder Services                                  
Raphaely                  Shareholder Services                                  
Rogers                    Shareholder Services                                  
Russell                   Shareholder Services                                  
Sarchand                  Shareholder Services                                  

LAST_NAME                 DEPARTMENT_NAME                                       
------------------------- ------------------------------                        
Sciarra                   Shareholder Services                                  
Seo                       Shareholder Services                                  
Sewall                    Shareholder Services                                  
Smith                     Shareholder Services                                  
Smith                     Shareholder Services                                  
Stiles                    Shareholder Services                                  
Sullivan                  Shareholder Services                                  
Sully                     Shareholder Services                                  
Taylor                    Shareholder Services                                  
Taylor                    Shareholder Services                                  
Tobias                    Shareholder Services                                  

LAST_NAME                 DEPARTMENT_NAME                                       
------------------------- ------------------------------                        
Tucker                    Shareholder Services                                  
Tuvault                   Shareholder Services                                  
Urman                     Shareholder Services                                  
Vargas                    Shareholder Services                                  
Vishney                   Shareholder Services                                  
Vollman                   Shareholder Services                                  
Walsh                     Shareholder Services                                  
Weiss                     Shareholder Services                                  
Whalen                    Shareholder Services                                  
Zlotkey                   Shareholder Services                                  
Abel                      Benefits                                              

LAST_NAME                 DEPARTMENT_NAME                                       
------------------------- ------------------------------                        
Ande                      Benefits                                              
Atkinson                  Benefits                                              
Austin                    Benefits                                              
Baer                      Benefits                                              
Baida                     Benefits                                              
Banda                     Benefits                                              
Bates                     Benefits                                              
Bell                      Benefits                                              
Bernstein                 Benefits                                              
Bissot                    Benefits                                              
Bloom                     Benefits                                              

LAST_NAME                 DEPARTMENT_NAME                                       
------------------------- ------------------------------                        
Bull                      Benefits                                              
Cabrio                    Benefits                                              
Cambrault                 Benefits                                              
Cambrault                 Benefits                                              
Chen                      Benefits                                              
Chung                     Benefits                                              
Colmenares                Benefits                                              
Davies                    Benefits                                              
De Haan                   Benefits                                              
Dellinger                 Benefits                                              
Dilly                     Benefits                                              

LAST_NAME                 DEPARTMENT_NAME                                       
------------------------- ------------------------------                        
Doran                     Benefits                                              
Ernst                     Benefits                                              
Errazuriz                 Benefits                                              
Everett                   Benefits                                              
Faviet                    Benefits                                              
Fay                       Benefits                                              
Feeney                    Benefits                                              
Fleaur                    Benefits                                              
Fox                       Benefits                                              
Fripp                     Benefits                                              
Gates                     Benefits                                              

LAST_NAME                 DEPARTMENT_NAME                                       
------------------------- ------------------------------                        
Gee                       Benefits                                              
Geoni                     Benefits                                              
Gietz                     Benefits                                              
Grant                     Benefits                                              
Grant                     Benefits                                              
Greenberg                 Benefits                                              
Greene                    Benefits                                              
Hall                      Benefits                                              
Hartstein                 Benefits                                              
Higgins                   Benefits                                              
Himuro                    Benefits                                              

LAST_NAME                 DEPARTMENT_NAME                                       
------------------------- ------------------------------                        
Hunold                    Benefits                                              
Hutton                    Benefits                                              
Johnson                   Benefits                                              
Jones                     Benefits                                              
Kaufling                  Benefits                                              
Khoo                      Benefits                                              
King                      Benefits                                              
King                      Benefits                                              
Kochhar                   Benefits                                              
Kumar                     Benefits                                              
Ladwig                    Benefits                                              

LAST_NAME                 DEPARTMENT_NAME                                       
------------------------- ------------------------------                        
Landry                    Benefits                                              
Lee                       Benefits                                              
Livingston                Benefits                                              
Lorentz                   Benefits                                              
Mallin                    Benefits                                              
Markle                    Benefits                                              
Marlow                    Benefits                                              
Marvins                   Benefits                                              
Matos                     Benefits                                              
Mavris                    Benefits                                              
McCain                    Benefits                                              

LAST_NAME                 DEPARTMENT_NAME                                       
------------------------- ------------------------------                        
McEwen                    Benefits                                              
Mikkilineni               Benefits                                              
Mourgos                   Benefits                                              
Nayer                     Benefits                                              
OConnell                  Benefits                                              
Olsen                     Benefits                                              
Olson                     Benefits                                              
Ozer                      Benefits                                              
Partners                  Benefits                                              
Pataballa                 Benefits                                              
Patel                     Benefits                                              

LAST_NAME                 DEPARTMENT_NAME                                       
------------------------- ------------------------------                        
Perkins                   Benefits                                              
Philtanker                Benefits                                              
Popp                      Benefits                                              
Rajs                      Benefits                                              
Raphaely                  Benefits                                              
Rogers                    Benefits                                              
Russell                   Benefits                                              
Sarchand                  Benefits                                              
Sciarra                   Benefits                                              
Seo                       Benefits                                              
Sewall                    Benefits                                              

LAST_NAME                 DEPARTMENT_NAME                                       
------------------------- ------------------------------                        
Smith                     Benefits                                              
Smith                     Benefits                                              
Stiles                    Benefits                                              
Sullivan                  Benefits                                              
Sully                     Benefits                                              
Taylor                    Benefits                                              
Taylor                    Benefits                                              
Tobias                    Benefits                                              
Tucker                    Benefits                                              
Tuvault                   Benefits                                              
Urman                     Benefits                                              

LAST_NAME                 DEPARTMENT_NAME                                       
------------------------- ------------------------------                        
Vargas                    Benefits                                              
Vishney                   Benefits                                              
Vollman                   Benefits                                              
Walsh                     Benefits                                              
Weiss                     Benefits                                              
Whalen                    Benefits                                              
Zlotkey                   Benefits                                              
Abel                      Manufacturing                                         
Ande                      Manufacturing                                         
Atkinson                  Manufacturing                                         
Austin                    Manufacturing                                         

LAST_NAME                 DEPARTMENT_NAME                                       
------------------------- ------------------------------                        
Baer                      Manufacturing                                         
Baida                     Manufacturing                                         
Banda                     Manufacturing                                         
Bates                     Manufacturing                                         
Bell                      Manufacturing                                         
Bernstein                 Manufacturing                                         
Bissot                    Manufacturing                                         
Bloom                     Manufacturing                                         
Bull                      Manufacturing                                         
Cabrio                    Manufacturing                                         
Cambrault                 Manufacturing                                         

LAST_NAME                 DEPARTMENT_NAME                                       
------------------------- ------------------------------                        
Cambrault                 Manufacturing                                         
Chen                      Manufacturing                                         
Chung                     Manufacturing                                         
Colmenares                Manufacturing                                         
Davies                    Manufacturing                                         
De Haan                   Manufacturing                                         
Dellinger                 Manufacturing                                         
Dilly                     Manufacturing                                         
Doran                     Manufacturing                                         
Ernst                     Manufacturing                                         
Errazuriz                 Manufacturing                                         

LAST_NAME                 DEPARTMENT_NAME                                       
------------------------- ------------------------------                        
Everett                   Manufacturing                                         
Faviet                    Manufacturing                                         
Fay                       Manufacturing                                         
Feeney                    Manufacturing                                         
Fleaur                    Manufacturing                                         
Fox                       Manufacturing                                         
Fripp                     Manufacturing                                         
Gates                     Manufacturing                                         
Gee                       Manufacturing                                         
Geoni                     Manufacturing                                         
Gietz                     Manufacturing                                         

LAST_NAME                 DEPARTMENT_NAME                                       
------------------------- ------------------------------                        
Grant                     Manufacturing                                         
Grant                     Manufacturing                                         
Greenberg                 Manufacturing                                         
Greene                    Manufacturing                                         
Hall                      Manufacturing                                         
Hartstein                 Manufacturing                                         
Higgins                   Manufacturing                                         
Himuro                    Manufacturing                                         
Hunold                    Manufacturing                                         
Hutton                    Manufacturing                                         
Johnson                   Manufacturing                                         

LAST_NAME                 DEPARTMENT_NAME                                       
------------------------- ------------------------------                        
Jones                     Manufacturing                                         
Kaufling                  Manufacturing                                         
Khoo                      Manufacturing                                         
King                      Manufacturing                                         
King                      Manufacturing                                         
Kochhar                   Manufacturing                                         
Kumar                     Manufacturing                                         
Ladwig                    Manufacturing                                         
Landry                    Manufacturing                                         
Lee                       Manufacturing                                         
Livingston                Manufacturing                                         

LAST_NAME                 DEPARTMENT_NAME                                       
------------------------- ------------------------------                        
Lorentz                   Manufacturing                                         
Mallin                    Manufacturing                                         
Markle                    Manufacturing                                         
Marlow                    Manufacturing                                         
Marvins                   Manufacturing                                         
Matos                     Manufacturing                                         
Mavris                    Manufacturing                                         
McCain                    Manufacturing                                         
McEwen                    Manufacturing                                         
Mikkilineni               Manufacturing                                         
Mourgos                   Manufacturing                                         

LAST_NAME                 DEPARTMENT_NAME                                       
------------------------- ------------------------------                        
Nayer                     Manufacturing                                         
OConnell                  Manufacturing                                         
Olsen                     Manufacturing                                         
Olson                     Manufacturing                                         
Ozer                      Manufacturing                                         
Partners                  Manufacturing                                         
Pataballa                 Manufacturing                                         
Patel                     Manufacturing                                         
Perkins                   Manufacturing                                         
Philtanker                Manufacturing                                         
Popp                      Manufacturing                                         

LAST_NAME                 DEPARTMENT_NAME                                       
------------------------- ------------------------------                        
Rajs                      Manufacturing                                         
Raphaely                  Manufacturing                                         
Rogers                    Manufacturing                                         
Russell                   Manufacturing                                         
Sarchand                  Manufacturing                                         
Sciarra                   Manufacturing                                         
Seo                       Manufacturing                                         
Sewall                    Manufacturing                                         
Smith                     Manufacturing                                         
Smith                     Manufacturing                                         
Stiles                    Manufacturing                                         

LAST_NAME                 DEPARTMENT_NAME                                       
------------------------- ------------------------------                        
Sullivan                  Manufacturing                                         
Sully                     Manufacturing                                         
Taylor                    Manufacturing                                         
Taylor                    Manufacturing                                         
Tobias                    Manufacturing                                         
Tucker                    Manufacturing                                         
Tuvault                   Manufacturing                                         
Urman                     Manufacturing                                         
Vargas                    Manufacturing                                         
Vishney                   Manufacturing                                         
Vollman                   Manufacturing                                         

LAST_NAME                 DEPARTMENT_NAME                                       
------------------------- ------------------------------                        
Walsh                     Manufacturing                                         
Weiss                     Manufacturing                                         
Whalen                    Manufacturing                                         
Zlotkey                   Manufacturing                                         
Abel                      Construction                                          
Ande                      Construction                                          
Atkinson                  Construction                                          
Austin                    Construction                                          
Baer                      Construction                                          
Baida                     Construction                                          
Banda                     Construction                                          

LAST_NAME                 DEPARTMENT_NAME                                       
------------------------- ------------------------------                        
Bates                     Construction                                          
Bell                      Construction                                          
Bernstein                 Construction                                          
Bissot                    Construction                                          
Bloom                     Construction                                          
Bull                      Construction                                          
Cabrio                    Construction                                          
Cambrault                 Construction                                          
Cambrault                 Construction                                          
Chen                      Construction                                          
Chung                     Construction                                          

LAST_NAME                 DEPARTMENT_NAME                                       
------------------------- ------------------------------                        
Colmenares                Construction                                          
Davies                    Construction                                          
De Haan                   Construction                                          
Dellinger                 Construction                                          
Dilly                     Construction                                          
Doran                     Construction                                          
Ernst                     Construction                                          
Errazuriz                 Construction                                          
Everett                   Construction                                          
Faviet                    Construction                                          
Fay                       Construction                                          

LAST_NAME                 DEPARTMENT_NAME                                       
------------------------- ------------------------------                        
Feeney                    Construction                                          
Fleaur                    Construction                                          
Fox                       Construction                                          
Fripp                     Construction                                          
Gates                     Construction                                          
Gee                       Construction                                          
Geoni                     Construction                                          
Gietz                     Construction                                          
Grant                     Construction                                          
Grant                     Construction                                          
Greenberg                 Construction                                          

LAST_NAME                 DEPARTMENT_NAME                                       
------------------------- ------------------------------                        
Greene                    Construction                                          
Hall                      Construction                                          
Hartstein                 Construction                                          
Higgins                   Construction                                          
Himuro                    Construction                                          
Hunold                    Construction                                          
Hutton                    Construction                                          
Johnson                   Construction                                          
Jones                     Construction                                          
Kaufling                  Construction                                          
Khoo                      Construction                                          

LAST_NAME                 DEPARTMENT_NAME                                       
------------------------- ------------------------------                        
King                      Construction                                          
King                      Construction                                          
Kochhar                   Construction                                          
Kumar                     Construction                                          
Ladwig                    Construction                                          
Landry                    Construction                                          
Lee                       Construction                                          
Livingston                Construction                                          
Lorentz                   Construction                                          
Mallin                    Construction                                          
Markle                    Construction                                          

LAST_NAME                 DEPARTMENT_NAME                                       
------------------------- ------------------------------                        
Marlow                    Construction                                          
Marvins                   Construction                                          
Matos                     Construction                                          
Mavris                    Construction                                          
McCain                    Construction                                          
McEwen                    Construction                                          
Mikkilineni               Construction                                          
Mourgos                   Construction                                          
Nayer                     Construction                                          
OConnell                  Construction                                          
Olsen                     Construction                                          

LAST_NAME                 DEPARTMENT_NAME                                       
------------------------- ------------------------------                        
Olson                     Construction                                          
Ozer                      Construction                                          
Partners                  Construction                                          
Pataballa                 Construction                                          
Patel                     Construction                                          
Perkins                   Construction                                          
Philtanker                Construction                                          
Popp                      Construction                                          
Rajs                      Construction                                          
Raphaely                  Construction                                          
Rogers                    Construction                                          

LAST_NAME                 DEPARTMENT_NAME                                       
------------------------- ------------------------------                        
Russell                   Construction                                          
Sarchand                  Construction                                          
Sciarra                   Construction                                          
Seo                       Construction                                          
Sewall                    Construction                                          
Smith                     Construction                                          
Smith                     Construction                                          
Stiles                    Construction                                          
Sullivan                  Construction                                          
Sully                     Construction                                          
Taylor                    Construction                                          

LAST_NAME                 DEPARTMENT_NAME                                       
------------------------- ------------------------------                        
Taylor                    Construction                                          
Tobias                    Construction                                          
Tucker                    Construction                                          
Tuvault                   Construction                                          
Urman                     Construction                                          
Vargas                    Construction                                          
Vishney                   Construction                                          
Vollman                   Construction                                          
Walsh                     Construction                                          
Weiss                     Construction                                          
Whalen                    Construction                                          

LAST_NAME                 DEPARTMENT_NAME                                       
------------------------- ------------------------------                        
Zlotkey                   Construction                                          
Abel                      Contracting                                           
Ande                      Contracting                                           
Atkinson                  Contracting                                           
Austin                    Contracting                                           
Baer                      Contracting                                           
Baida                     Contracting                                           
Banda                     Contracting                                           
Bates                     Contracting                                           
Bell                      Contracting                                           
Bernstein                 Contracting                                           

LAST_NAME                 DEPARTMENT_NAME                                       
------------------------- ------------------------------                        
Bissot                    Contracting                                           
Bloom                     Contracting                                           
Bull                      Contracting                                           
Cabrio                    Contracting                                           
Cambrault                 Contracting                                           
Cambrault                 Contracting                                           
Chen                      Contracting                                           
Chung                     Contracting                                           
Colmenares                Contracting                                           
Davies                    Contracting                                           
De Haan                   Contracting                                           

LAST_NAME                 DEPARTMENT_NAME                                       
------------------------- ------------------------------                        
Dellinger                 Contracting                                           
Dilly                     Contracting                                           
Doran                     Contracting                                           
Ernst                     Contracting                                           
Errazuriz                 Contracting                                           
Everett                   Contracting                                           
Faviet                    Contracting                                           
Fay                       Contracting                                           
Feeney                    Contracting                                           
Fleaur                    Contracting                                           
Fox                       Contracting                                           

LAST_NAME                 DEPARTMENT_NAME                                       
------------------------- ------------------------------                        
Fripp                     Contracting                                           
Gates                     Contracting                                           
Gee                       Contracting                                           
Geoni                     Contracting                                           
Gietz                     Contracting                                           
Grant                     Contracting                                           
Grant                     Contracting                                           
Greenberg                 Contracting                                           
Greene                    Contracting                                           
Hall                      Contracting                                           
Hartstein                 Contracting                                           

LAST_NAME                 DEPARTMENT_NAME                                       
------------------------- ------------------------------                        
Higgins                   Contracting                                           
Himuro                    Contracting                                           
Hunold                    Contracting                                           
Hutton                    Contracting                                           
Johnson                   Contracting                                           
Jones                     Contracting                                           
Kaufling                  Contracting                                           
Khoo                      Contracting                                           
King                      Contracting                                           
King                      Contracting                                           
Kochhar                   Contracting                                           

LAST_NAME                 DEPARTMENT_NAME                                       
------------------------- ------------------------------                        
Kumar                     Contracting                                           
Ladwig                    Contracting                                           
Landry                    Contracting                                           
Lee                       Contracting                                           
Livingston                Contracting                                           
Lorentz                   Contracting                                           
Mallin                    Contracting                                           
Markle                    Contracting                                           
Marlow                    Contracting                                           
Marvins                   Contracting                                           
Matos                     Contracting                                           

LAST_NAME                 DEPARTMENT_NAME                                       
------------------------- ------------------------------                        
Mavris                    Contracting                                           
McCain                    Contracting                                           
McEwen                    Contracting                                           
Mikkilineni               Contracting                                           
Mourgos                   Contracting                                           
Nayer                     Contracting                                           
OConnell                  Contracting                                           
Olsen                     Contracting                                           
Olson                     Contracting                                           
Ozer                      Contracting                                           
Partners                  Contracting                                           

LAST_NAME                 DEPARTMENT_NAME                                       
------------------------- ------------------------------                        
Pataballa                 Contracting                                           
Patel                     Contracting                                           
Perkins                   Contracting                                           
Philtanker                Contracting                                           
Popp                      Contracting                                           
Rajs                      Contracting                                           
Raphaely                  Contracting                                           
Rogers                    Contracting                                           
Russell                   Contracting                                           
Sarchand                  Contracting                                           
Sciarra                   Contracting                                           

LAST_NAME                 DEPARTMENT_NAME                                       
------------------------- ------------------------------                        
Seo                       Contracting                                           
Sewall                    Contracting                                           
Smith                     Contracting                                           
Smith                     Contracting                                           
Stiles                    Contracting                                           
Sullivan                  Contracting                                           
Sully                     Contracting                                           
Taylor                    Contracting                                           
Taylor                    Contracting                                           
Tobias                    Contracting                                           
Tucker                    Contracting                                           

LAST_NAME                 DEPARTMENT_NAME                                       
------------------------- ------------------------------                        
Tuvault                   Contracting                                           
Urman                     Contracting                                           
Vargas                    Contracting                                           
Vishney                   Contracting                                           
Vollman                   Contracting                                           
Walsh                     Contracting                                           
Weiss                     Contracting                                           
Whalen                    Contracting                                           
Zlotkey                   Contracting                                           
Abel                      Operations                                            
Ande                      Operations                                            

LAST_NAME                 DEPARTMENT_NAME                                       
------------------------- ------------------------------                        
Atkinson                  Operations                                            
Austin                    Operations                                            
Baer                      Operations                                            
Baida                     Operations                                            
Banda                     Operations                                            
Bates                     Operations                                            
Bell                      Operations                                            
Bernstein                 Operations                                            
Bissot                    Operations                                            
Bloom                     Operations                                            
Bull                      Operations                                            

LAST_NAME                 DEPARTMENT_NAME                                       
------------------------- ------------------------------                        
Cabrio                    Operations                                            
Cambrault                 Operations                                            
Cambrault                 Operations                                            
Chen                      Operations                                            
Chung                     Operations                                            
Colmenares                Operations                                            
Davies                    Operations                                            
De Haan                   Operations                                            
Dellinger                 Operations                                            
Dilly                     Operations                                            
Doran                     Operations                                            

LAST_NAME                 DEPARTMENT_NAME                                       
------------------------- ------------------------------                        
Ernst                     Operations                                            
Errazuriz                 Operations                                            
Everett                   Operations                                            
Faviet                    Operations                                            
Fay                       Operations                                            
Feeney                    Operations                                            
Fleaur                    Operations                                            
Fox                       Operations                                            
Fripp                     Operations                                            
Gates                     Operations                                            
Gee                       Operations                                            

LAST_NAME                 DEPARTMENT_NAME                                       
------------------------- ------------------------------                        
Geoni                     Operations                                            
Gietz                     Operations                                            
Grant                     Operations                                            
Grant                     Operations                                            
Greenberg                 Operations                                            
Greene                    Operations                                            
Hall                      Operations                                            
Hartstein                 Operations                                            
Higgins                   Operations                                            
Himuro                    Operations                                            
Hunold                    Operations                                            

LAST_NAME                 DEPARTMENT_NAME                                       
------------------------- ------------------------------                        
Hutton                    Operations                                            
Johnson                   Operations                                            
Jones                     Operations                                            
Kaufling                  Operations                                            
Khoo                      Operations                                            
King                      Operations                                            
King                      Operations                                            
Kochhar                   Operations                                            
Kumar                     Operations                                            
Ladwig                    Operations                                            
Landry                    Operations                                            

LAST_NAME                 DEPARTMENT_NAME                                       
------------------------- ------------------------------                        
Lee                       Operations                                            
Livingston                Operations                                            
Lorentz                   Operations                                            
Mallin                    Operations                                            
Markle                    Operations                                            
Marlow                    Operations                                            
Marvins                   Operations                                            
Matos                     Operations                                            
Mavris                    Operations                                            
McCain                    Operations                                            
McEwen                    Operations                                            

LAST_NAME                 DEPARTMENT_NAME                                       
------------------------- ------------------------------                        
Mikkilineni               Operations                                            
Mourgos                   Operations                                            
Nayer                     Operations                                            
OConnell                  Operations                                            
Olsen                     Operations                                            
Olson                     Operations                                            
Ozer                      Operations                                            
Partners                  Operations                                            
Pataballa                 Operations                                            
Patel                     Operations                                            
Perkins                   Operations                                            

LAST_NAME                 DEPARTMENT_NAME                                       
------------------------- ------------------------------                        
Philtanker                Operations                                            
Popp                      Operations                                            
Rajs                      Operations                                            
Raphaely                  Operations                                            
Rogers                    Operations                                            
Russell                   Operations                                            
Sarchand                  Operations                                            
Sciarra                   Operations                                            
Seo                       Operations                                            
Sewall                    Operations                                            
Smith                     Operations                                            

LAST_NAME                 DEPARTMENT_NAME                                       
------------------------- ------------------------------                        
Smith                     Operations                                            
Stiles                    Operations                                            
Sullivan                  Operations                                            
Sully                     Operations                                            
Taylor                    Operations                                            
Taylor                    Operations                                            
Tobias                    Operations                                            
Tucker                    Operations                                            
Tuvault                   Operations                                            
Urman                     Operations                                            
Vargas                    Operations                                            

LAST_NAME                 DEPARTMENT_NAME                                       
------------------------- ------------------------------                        
Vishney                   Operations                                            
Vollman                   Operations                                            
Walsh                     Operations                                            
Weiss                     Operations                                            
Whalen                    Operations                                            
Zlotkey                   Operations                                            
Abel                      IT Support                                            
Ande                      IT Support                                            
Atkinson                  IT Support                                            
Austin                    IT Support                                            
Baer                      IT Support                                            

LAST_NAME                 DEPARTMENT_NAME                                       
------------------------- ------------------------------                        
Baida                     IT Support                                            
Banda                     IT Support                                            
Bates                     IT Support                                            
Bell                      IT Support                                            
Bernstein                 IT Support                                            
Bissot                    IT Support                                            
Bloom                     IT Support                                            
Bull                      IT Support                                            
Cabrio                    IT Support                                            
Cambrault                 IT Support                                            
Cambrault                 IT Support                                            

LAST_NAME                 DEPARTMENT_NAME                                       
------------------------- ------------------------------                        
Chen                      IT Support                                            
Chung                     IT Support                                            
Colmenares                IT Support                                            
Davies                    IT Support                                            
De Haan                   IT Support                                            
Dellinger                 IT Support                                            
Dilly                     IT Support                                            
Doran                     IT Support                                            
Ernst                     IT Support                                            
Errazuriz                 IT Support                                            
Everett                   IT Support                                            

LAST_NAME                 DEPARTMENT_NAME                                       
------------------------- ------------------------------                        
Faviet                    IT Support                                            
Fay                       IT Support                                            
Feeney                    IT Support                                            
Fleaur                    IT Support                                            
Fox                       IT Support                                            
Fripp                     IT Support                                            
Gates                     IT Support                                            
Gee                       IT Support                                            
Geoni                     IT Support                                            
Gietz                     IT Support                                            
Grant                     IT Support                                            

LAST_NAME                 DEPARTMENT_NAME                                       
------------------------- ------------------------------                        
Grant                     IT Support                                            
Greenberg                 IT Support                                            
Greene                    IT Support                                            
Hall                      IT Support                                            
Hartstein                 IT Support                                            
Higgins                   IT Support                                            
Himuro                    IT Support                                            
Hunold                    IT Support                                            
Hutton                    IT Support                                            
Johnson                   IT Support                                            
Jones                     IT Support                                            

LAST_NAME                 DEPARTMENT_NAME                                       
------------------------- ------------------------------                        
Kaufling                  IT Support                                            
Khoo                      IT Support                                            
King                      IT Support                                            
King                      IT Support                                            
Kochhar                   IT Support                                            
Kumar                     IT Support                                            
Ladwig                    IT Support                                            
Landry                    IT Support                                            
Lee                       IT Support                                            
Livingston                IT Support                                            
Lorentz                   IT Support                                            

LAST_NAME                 DEPARTMENT_NAME                                       
------------------------- ------------------------------                        
Mallin                    IT Support                                            
Markle                    IT Support                                            
Marlow                    IT Support                                            
Marvins                   IT Support                                            
Matos                     IT Support                                            
Mavris                    IT Support                                            
McCain                    IT Support                                            
McEwen                    IT Support                                            
Mikkilineni               IT Support                                            
Mourgos                   IT Support                                            
Nayer                     IT Support                                            

LAST_NAME                 DEPARTMENT_NAME                                       
------------------------- ------------------------------                        
OConnell                  IT Support                                            
Olsen                     IT Support                                            
Olson                     IT Support                                            
Ozer                      IT Support                                            
Partners                  IT Support                                            
Pataballa                 IT Support                                            
Patel                     IT Support                                            
Perkins                   IT Support                                            
Philtanker                IT Support                                            
Popp                      IT Support                                            
Rajs                      IT Support                                            

LAST_NAME                 DEPARTMENT_NAME                                       
------------------------- ------------------------------                        
Raphaely                  IT Support                                            
Rogers                    IT Support                                            
Russell                   IT Support                                            
Sarchand                  IT Support                                            
Sciarra                   IT Support                                            
Seo                       IT Support                                            
Sewall                    IT Support                                            
Smith                     IT Support                                            
Smith                     IT Support                                            
Stiles                    IT Support                                            
Sullivan                  IT Support                                            

LAST_NAME                 DEPARTMENT_NAME                                       
------------------------- ------------------------------                        
Sully                     IT Support                                            
Taylor                    IT Support                                            
Taylor                    IT Support                                            
Tobias                    IT Support                                            
Tucker                    IT Support                                            
Tuvault                   IT Support                                            
Urman                     IT Support                                            
Vargas                    IT Support                                            
Vishney                   IT Support                                            
Vollman                   IT Support                                            
Walsh                     IT Support                                            

LAST_NAME                 DEPARTMENT_NAME                                       
------------------------- ------------------------------                        
Weiss                     IT Support                                            
Whalen                    IT Support                                            
Zlotkey                   IT Support                                            
Abel                      NOC                                                   
Ande                      NOC                                                   
Atkinson                  NOC                                                   
Austin                    NOC                                                   
Baer                      NOC                                                   
Baida                     NOC                                                   
Banda                     NOC                                                   
Bates                     NOC                                                   

LAST_NAME                 DEPARTMENT_NAME                                       
------------------------- ------------------------------                        
Bell                      NOC                                                   
Bernstein                 NOC                                                   
Bissot                    NOC                                                   
Bloom                     NOC                                                   
Bull                      NOC                                                   
Cabrio                    NOC                                                   
Cambrault                 NOC                                                   
Cambrault                 NOC                                                   
Chen                      NOC                                                   
Chung                     NOC                                                   
Colmenares                NOC                                                   

LAST_NAME                 DEPARTMENT_NAME                                       
------------------------- ------------------------------                        
Davies                    NOC                                                   
De Haan                   NOC                                                   
Dellinger                 NOC                                                   
Dilly                     NOC                                                   
Doran                     NOC                                                   
Ernst                     NOC                                                   
Errazuriz                 NOC                                                   
Everett                   NOC                                                   
Faviet                    NOC                                                   
Fay                       NOC                                                   
Feeney                    NOC                                                   

LAST_NAME                 DEPARTMENT_NAME                                       
------------------------- ------------------------------                        
Fleaur                    NOC                                                   
Fox                       NOC                                                   
Fripp                     NOC                                                   
Gates                     NOC                                                   
Gee                       NOC                                                   
Geoni                     NOC                                                   
Gietz                     NOC                                                   
Grant                     NOC                                                   
Grant                     NOC                                                   
Greenberg                 NOC                                                   
Greene                    NOC                                                   

LAST_NAME                 DEPARTMENT_NAME                                       
------------------------- ------------------------------                        
Hall                      NOC                                                   
Hartstein                 NOC                                                   
Higgins                   NOC                                                   
Himuro                    NOC                                                   
Hunold                    NOC                                                   
Hutton                    NOC                                                   
Johnson                   NOC                                                   
Jones                     NOC                                                   
Kaufling                  NOC                                                   
Khoo                      NOC                                                   
King                      NOC                                                   

LAST_NAME                 DEPARTMENT_NAME                                       
------------------------- ------------------------------                        
King                      NOC                                                   
Kochhar                   NOC                                                   
Kumar                     NOC                                                   
Ladwig                    NOC                                                   
Landry                    NOC                                                   
Lee                       NOC                                                   
Livingston                NOC                                                   
Lorentz                   NOC                                                   
Mallin                    NOC                                                   
Markle                    NOC                                                   
Marlow                    NOC                                                   

LAST_NAME                 DEPARTMENT_NAME                                       
------------------------- ------------------------------                        
Marvins                   NOC                                                   
Matos                     NOC                                                   
Mavris                    NOC                                                   
McCain                    NOC                                                   
McEwen                    NOC                                                   
Mikkilineni               NOC                                                   
Mourgos                   NOC                                                   
Nayer                     NOC                                                   
OConnell                  NOC                                                   
Olsen                     NOC                                                   
Olson                     NOC                                                   

LAST_NAME                 DEPARTMENT_NAME                                       
------------------------- ------------------------------                        
Ozer                      NOC                                                   
Partners                  NOC                                                   
Pataballa                 NOC                                                   
Patel                     NOC                                                   
Perkins                   NOC                                                   
Philtanker                NOC                                                   
Popp                      NOC                                                   
Rajs                      NOC                                                   
Raphaely                  NOC                                                   
Rogers                    NOC                                                   
Russell                   NOC                                                   

LAST_NAME                 DEPARTMENT_NAME                                       
------------------------- ------------------------------                        
Sarchand                  NOC                                                   
Sciarra                   NOC                                                   
Seo                       NOC                                                   
Sewall                    NOC                                                   
Smith                     NOC                                                   
Smith                     NOC                                                   
Stiles                    NOC                                                   
Sullivan                  NOC                                                   
Sully                     NOC                                                   
Taylor                    NOC                                                   
Taylor                    NOC                                                   

LAST_NAME                 DEPARTMENT_NAME                                       
------------------------- ------------------------------                        
Tobias                    NOC                                                   
Tucker                    NOC                                                   
Tuvault                   NOC                                                   
Urman                     NOC                                                   
Vargas                    NOC                                                   
Vishney                   NOC                                                   
Vollman                   NOC                                                   
Walsh                     NOC                                                   
Weiss                     NOC                                                   
Whalen                    NOC                                                   
Zlotkey                   NOC                                                   

LAST_NAME                 DEPARTMENT_NAME                                       
------------------------- ------------------------------                        
Abel                      IT Helpdesk                                           
Ande                      IT Helpdesk                                           
Atkinson                  IT Helpdesk                                           
Austin                    IT Helpdesk                                           
Baer                      IT Helpdesk                                           
Baida                     IT Helpdesk                                           
Banda                     IT Helpdesk                                           
Bates                     IT Helpdesk                                           
Bell                      IT Helpdesk                                           
Bernstein                 IT Helpdesk                                           
Bissot                    IT Helpdesk                                           

LAST_NAME                 DEPARTMENT_NAME                                       
------------------------- ------------------------------                        
Bloom                     IT Helpdesk                                           
Bull                      IT Helpdesk                                           
Cabrio                    IT Helpdesk                                           
Cambrault                 IT Helpdesk                                           
Cambrault                 IT Helpdesk                                           
Chen                      IT Helpdesk                                           
Chung                     IT Helpdesk                                           
Colmenares                IT Helpdesk                                           
Davies                    IT Helpdesk                                           
De Haan                   IT Helpdesk                                           
Dellinger                 IT Helpdesk                                           

LAST_NAME                 DEPARTMENT_NAME                                       
------------------------- ------------------------------                        
Dilly                     IT Helpdesk                                           
Doran                     IT Helpdesk                                           
Ernst                     IT Helpdesk                                           
Errazuriz                 IT Helpdesk                                           
Everett                   IT Helpdesk                                           
Faviet                    IT Helpdesk                                           
Fay                       IT Helpdesk                                           
Feeney                    IT Helpdesk                                           
Fleaur                    IT Helpdesk                                           
Fox                       IT Helpdesk                                           
Fripp                     IT Helpdesk                                           

LAST_NAME                 DEPARTMENT_NAME                                       
------------------------- ------------------------------                        
Gates                     IT Helpdesk                                           
Gee                       IT Helpdesk                                           
Geoni                     IT Helpdesk                                           
Gietz                     IT Helpdesk                                           
Grant                     IT Helpdesk                                           
Grant                     IT Helpdesk                                           
Greenberg                 IT Helpdesk                                           
Greene                    IT Helpdesk                                           
Hall                      IT Helpdesk                                           
Hartstein                 IT Helpdesk                                           
Higgins                   IT Helpdesk                                           

LAST_NAME                 DEPARTMENT_NAME                                       
------------------------- ------------------------------                        
Himuro                    IT Helpdesk                                           
Hunold                    IT Helpdesk                                           
Hutton                    IT Helpdesk                                           
Johnson                   IT Helpdesk                                           
Jones                     IT Helpdesk                                           
Kaufling                  IT Helpdesk                                           
Khoo                      IT Helpdesk                                           
King                      IT Helpdesk                                           
King                      IT Helpdesk                                           
Kochhar                   IT Helpdesk                                           
Kumar                     IT Helpdesk                                           

LAST_NAME                 DEPARTMENT_NAME                                       
------------------------- ------------------------------                        
Ladwig                    IT Helpdesk                                           
Landry                    IT Helpdesk                                           
Lee                       IT Helpdesk                                           
Livingston                IT Helpdesk                                           
Lorentz                   IT Helpdesk                                           
Mallin                    IT Helpdesk                                           
Markle                    IT Helpdesk                                           
Marlow                    IT Helpdesk                                           
Marvins                   IT Helpdesk                                           
Matos                     IT Helpdesk                                           
Mavris                    IT Helpdesk                                           

LAST_NAME                 DEPARTMENT_NAME                                       
------------------------- ------------------------------                        
McCain                    IT Helpdesk                                           
McEwen                    IT Helpdesk                                           
Mikkilineni               IT Helpdesk                                           
Mourgos                   IT Helpdesk                                           
Nayer                     IT Helpdesk                                           
OConnell                  IT Helpdesk                                           
Olsen                     IT Helpdesk                                           
Olson                     IT Helpdesk                                           
Ozer                      IT Helpdesk                                           
Partners                  IT Helpdesk                                           
Pataballa                 IT Helpdesk                                           

LAST_NAME                 DEPARTMENT_NAME                                       
------------------------- ------------------------------                        
Patel                     IT Helpdesk                                           
Perkins                   IT Helpdesk                                           
Philtanker                IT Helpdesk                                           
Popp                      IT Helpdesk                                           
Rajs                      IT Helpdesk                                           
Raphaely                  IT Helpdesk                                           
Rogers                    IT Helpdesk                                           
Russell                   IT Helpdesk                                           
Sarchand                  IT Helpdesk                                           
Sciarra                   IT Helpdesk                                           
Seo                       IT Helpdesk                                           

LAST_NAME                 DEPARTMENT_NAME                                       
------------------------- ------------------------------                        
Sewall                    IT Helpdesk                                           
Smith                     IT Helpdesk                                           
Smith                     IT Helpdesk                                           
Stiles                    IT Helpdesk                                           
Sullivan                  IT Helpdesk                                           
Sully                     IT Helpdesk                                           
Taylor                    IT Helpdesk                                           
Taylor                    IT Helpdesk                                           
Tobias                    IT Helpdesk                                           
Tucker                    IT Helpdesk                                           
Tuvault                   IT Helpdesk                                           

LAST_NAME                 DEPARTMENT_NAME                                       
------------------------- ------------------------------                        
Urman                     IT Helpdesk                                           
Vargas                    IT Helpdesk                                           
Vishney                   IT Helpdesk                                           
Vollman                   IT Helpdesk                                           
Walsh                     IT Helpdesk                                           
Weiss                     IT Helpdesk                                           
Whalen                    IT Helpdesk                                           
Zlotkey                   IT Helpdesk                                           
Abel                      Government Sales                                      
Ande                      Government Sales                                      
Atkinson                  Government Sales                                      

LAST_NAME                 DEPARTMENT_NAME                                       
------------------------- ------------------------------                        
Austin                    Government Sales                                      
Baer                      Government Sales                                      
Baida                     Government Sales                                      
Banda                     Government Sales                                      
Bates                     Government Sales                                      
Bell                      Government Sales                                      
Bernstein                 Government Sales                                      
Bissot                    Government Sales                                      
Bloom                     Government Sales                                      
Bull                      Government Sales                                      
Cabrio                    Government Sales                                      

LAST_NAME                 DEPARTMENT_NAME                                       
------------------------- ------------------------------                        
Cambrault                 Government Sales                                      
Cambrault                 Government Sales                                      
Chen                      Government Sales                                      
Chung                     Government Sales                                      
Colmenares                Government Sales                                      
Davies                    Government Sales                                      
De Haan                   Government Sales                                      
Dellinger                 Government Sales                                      
Dilly                     Government Sales                                      
Doran                     Government Sales                                      
Ernst                     Government Sales                                      

LAST_NAME                 DEPARTMENT_NAME                                       
------------------------- ------------------------------                        
Errazuriz                 Government Sales                                      
Everett                   Government Sales                                      
Faviet                    Government Sales                                      
Fay                       Government Sales                                      
Feeney                    Government Sales                                      
Fleaur                    Government Sales                                      
Fox                       Government Sales                                      
Fripp                     Government Sales                                      
Gates                     Government Sales                                      
Gee                       Government Sales                                      
Geoni                     Government Sales                                      

LAST_NAME                 DEPARTMENT_NAME                                       
------------------------- ------------------------------                        
Gietz                     Government Sales                                      
Grant                     Government Sales                                      
Grant                     Government Sales                                      
Greenberg                 Government Sales                                      
Greene                    Government Sales                                      
Hall                      Government Sales                                      
Hartstein                 Government Sales                                      
Higgins                   Government Sales                                      
Himuro                    Government Sales                                      
Hunold                    Government Sales                                      
Hutton                    Government Sales                                      

LAST_NAME                 DEPARTMENT_NAME                                       
------------------------- ------------------------------                        
Johnson                   Government Sales                                      
Jones                     Government Sales                                      
Kaufling                  Government Sales                                      
Khoo                      Government Sales                                      
King                      Government Sales                                      
King                      Government Sales                                      
Kochhar                   Government Sales                                      
Kumar                     Government Sales                                      
Ladwig                    Government Sales                                      
Landry                    Government Sales                                      
Lee                       Government Sales                                      

LAST_NAME                 DEPARTMENT_NAME                                       
------------------------- ------------------------------                        
Livingston                Government Sales                                      
Lorentz                   Government Sales                                      
Mallin                    Government Sales                                      
Markle                    Government Sales                                      
Marlow                    Government Sales                                      
Marvins                   Government Sales                                      
Matos                     Government Sales                                      
Mavris                    Government Sales                                      
McCain                    Government Sales                                      
McEwen                    Government Sales                                      
Mikkilineni               Government Sales                                      

LAST_NAME                 DEPARTMENT_NAME                                       
------------------------- ------------------------------                        
Mourgos                   Government Sales                                      
Nayer                     Government Sales                                      
OConnell                  Government Sales                                      
Olsen                     Government Sales                                      
Olson                     Government Sales                                      
Ozer                      Government Sales                                      
Partners                  Government Sales                                      
Pataballa                 Government Sales                                      
Patel                     Government Sales                                      
Perkins                   Government Sales                                      
Philtanker                Government Sales                                      

LAST_NAME                 DEPARTMENT_NAME                                       
------------------------- ------------------------------                        
Popp                      Government Sales                                      
Rajs                      Government Sales                                      
Raphaely                  Government Sales                                      
Rogers                    Government Sales                                      
Russell                   Government Sales                                      
Sarchand                  Government Sales                                      
Sciarra                   Government Sales                                      
Seo                       Government Sales                                      
Sewall                    Government Sales                                      
Smith                     Government Sales                                      
Smith                     Government Sales                                      

LAST_NAME                 DEPARTMENT_NAME                                       
------------------------- ------------------------------                        
Stiles                    Government Sales                                      
Sullivan                  Government Sales                                      
Sully                     Government Sales                                      
Taylor                    Government Sales                                      
Taylor                    Government Sales                                      
Tobias                    Government Sales                                      
Tucker                    Government Sales                                      
Tuvault                   Government Sales                                      
Urman                     Government Sales                                      
Vargas                    Government Sales                                      
Vishney                   Government Sales                                      

LAST_NAME                 DEPARTMENT_NAME                                       
------------------------- ------------------------------                        
Vollman                   Government Sales                                      
Walsh                     Government Sales                                      
Weiss                     Government Sales                                      
Whalen                    Government Sales                                      
Zlotkey                   Government Sales                                      
Abel                      Retail Sales                                          
Ande                      Retail Sales                                          
Atkinson                  Retail Sales                                          
Austin                    Retail Sales                                          
Baer                      Retail Sales                                          
Baida                     Retail Sales                                          

LAST_NAME                 DEPARTMENT_NAME                                       
------------------------- ------------------------------                        
Banda                     Retail Sales                                          
Bates                     Retail Sales                                          
Bell                      Retail Sales                                          
Bernstein                 Retail Sales                                          
Bissot                    Retail Sales                                          
Bloom                     Retail Sales                                          
Bull                      Retail Sales                                          
Cabrio                    Retail Sales                                          
Cambrault                 Retail Sales                                          
Cambrault                 Retail Sales                                          
Chen                      Retail Sales                                          

LAST_NAME                 DEPARTMENT_NAME                                       
------------------------- ------------------------------                        
Chung                     Retail Sales                                          
Colmenares                Retail Sales                                          
Davies                    Retail Sales                                          
De Haan                   Retail Sales                                          
Dellinger                 Retail Sales                                          
Dilly                     Retail Sales                                          
Doran                     Retail Sales                                          
Ernst                     Retail Sales                                          
Errazuriz                 Retail Sales                                          
Everett                   Retail Sales                                          
Faviet                    Retail Sales                                          

LAST_NAME                 DEPARTMENT_NAME                                       
------------------------- ------------------------------                        
Fay                       Retail Sales                                          
Feeney                    Retail Sales                                          
Fleaur                    Retail Sales                                          
Fox                       Retail Sales                                          
Fripp                     Retail Sales                                          
Gates                     Retail Sales                                          
Gee                       Retail Sales                                          
Geoni                     Retail Sales                                          
Gietz                     Retail Sales                                          
Grant                     Retail Sales                                          
Grant                     Retail Sales                                          

LAST_NAME                 DEPARTMENT_NAME                                       
------------------------- ------------------------------                        
Greenberg                 Retail Sales                                          
Greene                    Retail Sales                                          
Hall                      Retail Sales                                          
Hartstein                 Retail Sales                                          
Higgins                   Retail Sales                                          
Himuro                    Retail Sales                                          
Hunold                    Retail Sales                                          
Hutton                    Retail Sales                                          
Johnson                   Retail Sales                                          
Jones                     Retail Sales                                          
Kaufling                  Retail Sales                                          

LAST_NAME                 DEPARTMENT_NAME                                       
------------------------- ------------------------------                        
Khoo                      Retail Sales                                          
King                      Retail Sales                                          
King                      Retail Sales                                          
Kochhar                   Retail Sales                                          
Kumar                     Retail Sales                                          
Ladwig                    Retail Sales                                          
Landry                    Retail Sales                                          
Lee                       Retail Sales                                          
Livingston                Retail Sales                                          
Lorentz                   Retail Sales                                          
Mallin                    Retail Sales                                          

LAST_NAME                 DEPARTMENT_NAME                                       
------------------------- ------------------------------                        
Markle                    Retail Sales                                          
Marlow                    Retail Sales                                          
Marvins                   Retail Sales                                          
Matos                     Retail Sales                                          
Mavris                    Retail Sales                                          
McCain                    Retail Sales                                          
McEwen                    Retail Sales                                          
Mikkilineni               Retail Sales                                          
Mourgos                   Retail Sales                                          
Nayer                     Retail Sales                                          
OConnell                  Retail Sales                                          

LAST_NAME                 DEPARTMENT_NAME                                       
------------------------- ------------------------------                        
Olsen                     Retail Sales                                          
Olson                     Retail Sales                                          
Ozer                      Retail Sales                                          
Partners                  Retail Sales                                          
Pataballa                 Retail Sales                                          
Patel                     Retail Sales                                          
Perkins                   Retail Sales                                          
Philtanker                Retail Sales                                          
Popp                      Retail Sales                                          
Rajs                      Retail Sales                                          
Raphaely                  Retail Sales                                          

LAST_NAME                 DEPARTMENT_NAME                                       
------------------------- ------------------------------                        
Rogers                    Retail Sales                                          
Russell                   Retail Sales                                          
Sarchand                  Retail Sales                                          
Sciarra                   Retail Sales                                          
Seo                       Retail Sales                                          
Sewall                    Retail Sales                                          
Smith                     Retail Sales                                          
Smith                     Retail Sales                                          
Stiles                    Retail Sales                                          
Sullivan                  Retail Sales                                          
Sully                     Retail Sales                                          

LAST_NAME                 DEPARTMENT_NAME                                       
------------------------- ------------------------------                        
Taylor                    Retail Sales                                          
Taylor                    Retail Sales                                          
Tobias                    Retail Sales                                          
Tucker                    Retail Sales                                          
Tuvault                   Retail Sales                                          
Urman                     Retail Sales                                          
Vargas                    Retail Sales                                          
Vishney                   Retail Sales                                          
Vollman                   Retail Sales                                          
Walsh                     Retail Sales                                          
Weiss                     Retail Sales                                          

LAST_NAME                 DEPARTMENT_NAME                                       
------------------------- ------------------------------                        
Whalen                    Retail Sales                                          
Zlotkey                   Retail Sales                                          
Abel                      Recruiting                                            
Ande                      Recruiting                                            
Atkinson                  Recruiting                                            
Austin                    Recruiting                                            
Baer                      Recruiting                                            
Baida                     Recruiting                                            
Banda                     Recruiting                                            
Bates                     Recruiting                                            
Bell                      Recruiting                                            

LAST_NAME                 DEPARTMENT_NAME                                       
------------------------- ------------------------------                        
Bernstein                 Recruiting                                            
Bissot                    Recruiting                                            
Bloom                     Recruiting                                            
Bull                      Recruiting                                            
Cabrio                    Recruiting                                            
Cambrault                 Recruiting                                            
Cambrault                 Recruiting                                            
Chen                      Recruiting                                            
Chung                     Recruiting                                            
Colmenares                Recruiting                                            
Davies                    Recruiting                                            

LAST_NAME                 DEPARTMENT_NAME                                       
------------------------- ------------------------------                        
De Haan                   Recruiting                                            
Dellinger                 Recruiting                                            
Dilly                     Recruiting                                            
Doran                     Recruiting                                            
Ernst                     Recruiting                                            
Errazuriz                 Recruiting                                            
Everett                   Recruiting                                            
Faviet                    Recruiting                                            
Fay                       Recruiting                                            
Feeney                    Recruiting                                            
Fleaur                    Recruiting                                            

LAST_NAME                 DEPARTMENT_NAME                                       
------------------------- ------------------------------                        
Fox                       Recruiting                                            
Fripp                     Recruiting                                            
Gates                     Recruiting                                            
Gee                       Recruiting                                            
Geoni                     Recruiting                                            
Gietz                     Recruiting                                            
Grant                     Recruiting                                            
Grant                     Recruiting                                            
Greenberg                 Recruiting                                            
Greene                    Recruiting                                            
Hall                      Recruiting                                            

LAST_NAME                 DEPARTMENT_NAME                                       
------------------------- ------------------------------                        
Hartstein                 Recruiting                                            
Higgins                   Recruiting                                            
Himuro                    Recruiting                                            
Hunold                    Recruiting                                            
Hutton                    Recruiting                                            
Johnson                   Recruiting                                            
Jones                     Recruiting                                            
Kaufling                  Recruiting                                            
Khoo                      Recruiting                                            
King                      Recruiting                                            
King                      Recruiting                                            

LAST_NAME                 DEPARTMENT_NAME                                       
------------------------- ------------------------------                        
Kochhar                   Recruiting                                            
Kumar                     Recruiting                                            
Ladwig                    Recruiting                                            
Landry                    Recruiting                                            
Lee                       Recruiting                                            
Livingston                Recruiting                                            
Lorentz                   Recruiting                                            
Mallin                    Recruiting                                            
Markle                    Recruiting                                            
Marlow                    Recruiting                                            
Marvins                   Recruiting                                            

LAST_NAME                 DEPARTMENT_NAME                                       
------------------------- ------------------------------                        
Matos                     Recruiting                                            
Mavris                    Recruiting                                            
McCain                    Recruiting                                            
McEwen                    Recruiting                                            
Mikkilineni               Recruiting                                            
Mourgos                   Recruiting                                            
Nayer                     Recruiting                                            
OConnell                  Recruiting                                            
Olsen                     Recruiting                                            
Olson                     Recruiting                                            
Ozer                      Recruiting                                            

LAST_NAME                 DEPARTMENT_NAME                                       
------------------------- ------------------------------                        
Partners                  Recruiting                                            
Pataballa                 Recruiting                                            
Patel                     Recruiting                                            
Perkins                   Recruiting                                            
Philtanker                Recruiting                                            
Popp                      Recruiting                                            
Rajs                      Recruiting                                            
Raphaely                  Recruiting                                            
Rogers                    Recruiting                                            
Russell                   Recruiting                                            
Sarchand                  Recruiting                                            

LAST_NAME                 DEPARTMENT_NAME                                       
------------------------- ------------------------------                        
Sciarra                   Recruiting                                            
Seo                       Recruiting                                            
Sewall                    Recruiting                                            
Smith                     Recruiting                                            
Smith                     Recruiting                                            
Stiles                    Recruiting                                            
Sullivan                  Recruiting                                            
Sully                     Recruiting                                            
Taylor                    Recruiting                                            
Taylor                    Recruiting                                            
Tobias                    Recruiting                                            

LAST_NAME                 DEPARTMENT_NAME                                       
------------------------- ------------------------------                        
Tucker                    Recruiting                                            
Tuvault                   Recruiting                                            
Urman                     Recruiting                                            
Vargas                    Recruiting                                            
Vishney                   Recruiting                                            
Vollman                   Recruiting                                            
Walsh                     Recruiting                                            
Weiss                     Recruiting                                            
Whalen                    Recruiting                                            
Zlotkey                   Recruiting                                            
Abel                      Payroll                                               

LAST_NAME                 DEPARTMENT_NAME                                       
------------------------- ------------------------------                        
Ande                      Payroll                                               
Atkinson                  Payroll                                               
Austin                    Payroll                                               
Baer                      Payroll                                               
Baida                     Payroll                                               
Banda                     Payroll                                               
Bates                     Payroll                                               
Bell                      Payroll                                               
Bernstein                 Payroll                                               
Bissot                    Payroll                                               
Bloom                     Payroll                                               

LAST_NAME                 DEPARTMENT_NAME                                       
------------------------- ------------------------------                        
Bull                      Payroll                                               
Cabrio                    Payroll                                               
Cambrault                 Payroll                                               
Cambrault                 Payroll                                               
Chen                      Payroll                                               
Chung                     Payroll                                               
Colmenares                Payroll                                               
Davies                    Payroll                                               
De Haan                   Payroll                                               
Dellinger                 Payroll                                               
Dilly                     Payroll                                               

LAST_NAME                 DEPARTMENT_NAME                                       
------------------------- ------------------------------                        
Doran                     Payroll                                               
Ernst                     Payroll                                               
Errazuriz                 Payroll                                               
Everett                   Payroll                                               
Faviet                    Payroll                                               
Fay                       Payroll                                               
Feeney                    Payroll                                               
Fleaur                    Payroll                                               
Fox                       Payroll                                               
Fripp                     Payroll                                               
Gates                     Payroll                                               

LAST_NAME                 DEPARTMENT_NAME                                       
------------------------- ------------------------------                        
Gee                       Payroll                                               
Geoni                     Payroll                                               
Gietz                     Payroll                                               
Grant                     Payroll                                               
Grant                     Payroll                                               
Greenberg                 Payroll                                               
Greene                    Payroll                                               
Hall                      Payroll                                               
Hartstein                 Payroll                                               
Higgins                   Payroll                                               
Himuro                    Payroll                                               

LAST_NAME                 DEPARTMENT_NAME                                       
------------------------- ------------------------------                        
Hunold                    Payroll                                               
Hutton                    Payroll                                               
Johnson                   Payroll                                               
Jones                     Payroll                                               
Kaufling                  Payroll                                               
Khoo                      Payroll                                               
King                      Payroll                                               
King                      Payroll                                               
Kochhar                   Payroll                                               
Kumar                     Payroll                                               
Ladwig                    Payroll                                               

LAST_NAME                 DEPARTMENT_NAME                                       
------------------------- ------------------------------                        
Landry                    Payroll                                               
Lee                       Payroll                                               
Livingston                Payroll                                               
Lorentz                   Payroll                                               
Mallin                    Payroll                                               
Markle                    Payroll                                               
Marlow                    Payroll                                               
Marvins                   Payroll                                               
Matos                     Payroll                                               
Mavris                    Payroll                                               
McCain                    Payroll                                               

LAST_NAME                 DEPARTMENT_NAME                                       
------------------------- ------------------------------                        
McEwen                    Payroll                                               
Mikkilineni               Payroll                                               
Mourgos                   Payroll                                               
Nayer                     Payroll                                               
OConnell                  Payroll                                               
Olsen                     Payroll                                               
Olson                     Payroll                                               
Ozer                      Payroll                                               
Partners                  Payroll                                               
Pataballa                 Payroll                                               
Patel                     Payroll                                               

LAST_NAME                 DEPARTMENT_NAME                                       
------------------------- ------------------------------                        
Perkins                   Payroll                                               
Philtanker                Payroll                                               
Popp                      Payroll                                               
Rajs                      Payroll                                               
Raphaely                  Payroll                                               
Rogers                    Payroll                                               
Russell                   Payroll                                               
Sarchand                  Payroll                                               
Sciarra                   Payroll                                               
Seo                       Payroll                                               
Sewall                    Payroll                                               

LAST_NAME                 DEPARTMENT_NAME                                       
------------------------- ------------------------------                        
Smith                     Payroll                                               
Smith                     Payroll                                               
Stiles                    Payroll                                               
Sullivan                  Payroll                                               
Sully                     Payroll                                               
Taylor                    Payroll                                               
Taylor                    Payroll                                               
Tobias                    Payroll                                               
Tucker                    Payroll                                               
Tuvault                   Payroll                                               
Urman                     Payroll                                               

LAST_NAME                 DEPARTMENT_NAME                                       
------------------------- ------------------------------                        
Vargas                    Payroll                                               
Vishney                   Payroll                                               
Vollman                   Payroll                                               
Walsh                     Payroll                                               
Weiss                     Payroll                                               
Whalen                    Payroll                                               
Zlotkey                   Payroll                                               

2889 rows selected.

SQL> 
SQL> 
SQL> 
SQL> 
SQL> select sum(comission_pct) from employees;
select sum(comission_pct) from employees
           *
ERROR at line 1:
ORA-00904: "COMISSION_PCT": invalid identifier 


SQL> select sum(commission_pct) from employees;

SUM(COMMISSION_PCT)                                                             
-------------------                                                             
                7.8                                                             

SQL> `select department_id, sum(salary)
SP2-0734: unknown command beginning "`select de..." - rest of line ignored.
SQL> select department_id, sum(salary)
  2  from employees
  3  group by department_id;

DEPARTMENT_ID SUM(SALARY)                                                       
------------- -----------                                                       
          100       51608                                                       
           30       24900                                                       
                     7000                                                       
           90       58000                                                       
           20       19000                                                       
           70       10000                                                       
          110       20308                                                       
           50      156400                                                       
           80      304500                                                       
           40        6500                                                       
           60       28800                                                       

DEPARTMENT_ID SUM(SALARY)                                                       
------------- -----------                                                       
           10        4400                                                       

12 rows selected.

SQL> select department_id from employees;

DEPARTMENT_ID                                                                   
-------------                                                                   
           90                                                                   
           90                                                                   
           90                                                                   
           60                                                                   
           60                                                                   
           60                                                                   
           60                                                                   
           60                                                                   
          100                                                                   
          100                                                                   
          100                                                                   

DEPARTMENT_ID                                                                   
-------------                                                                   
          100                                                                   
          100                                                                   
          100                                                                   
           30                                                                   
           30                                                                   
           30                                                                   
           30                                                                   
           30                                                                   
           30                                                                   
           50                                                                   
           50                                                                   

DEPARTMENT_ID                                                                   
-------------                                                                   
           50                                                                   
           50                                                                   
           50                                                                   
           50                                                                   
           50                                                                   
           50                                                                   
           50                                                                   
           50                                                                   
           50                                                                   
           50                                                                   
           50                                                                   

DEPARTMENT_ID                                                                   
-------------                                                                   
           50                                                                   
           50                                                                   
           50                                                                   
           50                                                                   
           50                                                                   
           50                                                                   
           50                                                                   
           50                                                                   
           50                                                                   
           50                                                                   
           50                                                                   

DEPARTMENT_ID                                                                   
-------------                                                                   
           50                                                                   
           80                                                                   
           80                                                                   
           80                                                                   
           80                                                                   
           80                                                                   
           80                                                                   
           80                                                                   
           80                                                                   
           80                                                                   
           80                                                                   

DEPARTMENT_ID                                                                   
-------------                                                                   
           80                                                                   
           80                                                                   
           80                                                                   
           80                                                                   
           80                                                                   
           80                                                                   
           80                                                                   
           80                                                                   
           80                                                                   
           80                                                                   
           80                                                                   

DEPARTMENT_ID                                                                   
-------------                                                                   
           80                                                                   
           80                                                                   
           80                                                                   
           80                                                                   
           80                                                                   
           80                                                                   
           80                                                                   
           80                                                                   
           80                                                                   
           80                                                                   
           80                                                                   

DEPARTMENT_ID                                                                   
-------------                                                                   
           80                                                                   
                                                                                
           80                                                                   
           50                                                                   
           50                                                                   
           50                                                                   
           50                                                                   
           50                                                                   
           50                                                                   
           50                                                                   
           50                                                                   

DEPARTMENT_ID                                                                   
-------------                                                                   
           50                                                                   
           50                                                                   
           50                                                                   
           50                                                                   
           50                                                                   
           50                                                                   
           50                                                                   
           50                                                                   
           50                                                                   
           50                                                                   
           50                                                                   

DEPARTMENT_ID                                                                   
-------------                                                                   
           50                                                                   
           10                                                                   
           20                                                                   
           20                                                                   
           40                                                                   
           70                                                                   
          110                                                                   
          110                                                                   

107 rows selected.

SQL> select distinct department_id from employees;

DEPARTMENT_ID                                                                   
-------------                                                                   
          100                                                                   
           30                                                                   
                                                                                
           90                                                                   
           20                                                                   
           70                                                                   
          110                                                                   
           50                                                                   
           80                                                                   
           40                                                                   
           60                                                                   

DEPARTMENT_ID                                                                   
-------------                                                                   
           10                                                                   

12 rows selected.

SQL> select department_id, sum(salary)
  2  from employees
  3  group by department_id;

DEPARTMENT_ID SUM(SALARY)                                                       
------------- -----------                                                       
          100       51608                                                       
           30       24900                                                       
                     7000                                                       
           90       58000                                                       
           20       19000                                                       
           70       10000                                                       
          110       20308                                                       
           50      156400                                                       
           80      304500                                                       
           40        6500                                                       
           60       28800                                                       

DEPARTMENT_ID SUM(SALARY)                                                       
------------- -----------                                                       
           10        4400                                                       

12 rows selected.

SQL> 
SQL> 
SQL> 
SQL> 
SQL> 
SQL> select department_id, job_id, sum(salary)
  2  from employees
  3  group by department_id, job_id
  4  ;

DEPARTMENT_ID JOB_ID     SUM(SALARY)                                            
------------- ---------- -----------                                            
          110 AC_ACCOUNT        8300                                            
           90 AD_VP            34000                                            
           50 ST_CLERK         55700                                            
           80 SA_REP          243500                                            
           50 ST_MAN           36400                                            
           80 SA_MAN           61000                                            
          110 AC_MGR           12008                                            
           90 AD_PRES          24000                                            
           60 IT_PROG          28800                                            
          100 FI_MGR           12008                                            
           30 PU_CLERK         13900                                            

DEPARTMENT_ID JOB_ID     SUM(SALARY)                                            
------------- ---------- -----------                                            
           50 SH_CLERK         64300                                            
           20 MK_MAN           13000                                            
          100 FI_ACCOUNT       39600                                            
              SA_REP            7000                                            
           70 PR_REP           10000                                            
           30 PU_MAN           11000                                            
           10 AD_ASST           4400                                            
           20 MK_REP            6000                                            
           40 HR_REP            6500                                            

20 rows selected.

SQL> 
SQL> 
SQL> 
SQL> select department_id, job_id, sum(salary)
  2  from employees
  3  where avg(salary)>8000
  4  group by department_id, job_id
  5  ;
where avg(salary)>8000
      *
ERROR at line 3:
ORA-00934: group function is not allowed here 


SQL> 
SQL> 
SQL> 
SQL> 
SQL> 
SQL> select employee_id, last_name, job_id, salary
  2  from employees
  3  where salary, any (select salary
  4  			from employees where job_id='IT_PROG')
  5  and job_id <>'IT_PROG';
where salary, any (select salary
            *
ERROR at line 3:
ORA-00920: invalid relational operator 


SQL> select employee_id, last_name, job_id, salary
  2  from employees
  3  where salary any (select salary
  4  			from employees where job_id='IT_PROG')
  5  and job_id <>'IT_PROG';
where salary any (select salary
             *
ERROR at line 3:
ORA-00920: invalid relational operator 


SQL> select employee_id, last_name, job_id, salary
  2  from employees
  3  where salary< any (select salary
  4  			from employees where job_id='IT_PROG')
  5  and job_id <>'IT_PROG';

EMPLOYEE_ID LAST_NAME                 JOB_ID         SALARY                     
----------- ------------------------- ---------- ----------                     
        132 Olson                     ST_CLERK         2100                     
        136 Philtanker                ST_CLERK         2200                     
        128 Markle                    ST_CLERK         2200                     
        135 Gee                       ST_CLERK         2400                     
        127 Landry                    ST_CLERK         2400                     
        191 Perkins                   SH_CLERK         2500                     
        182 Sullivan                  SH_CLERK         2500                     
        144 Vargas                    ST_CLERK         2500                     
        140 Patel                     ST_CLERK         2500                     
        131 Marlow                    ST_CLERK         2500                     
        119 Colmenares                PU_CLERK         2500                     

EMPLOYEE_ID LAST_NAME                 JOB_ID         SALARY                     
----------- ------------------------- ---------- ----------                     
        118 Himuro                    PU_CLERK         2600                     
        198 OConnell                  SH_CLERK         2600                     
        199 Grant                     SH_CLERK         2600                     
        143 Matos                     ST_CLERK         2600                     
        126 Mikkilineni               ST_CLERK         2700                     
        139 Seo                       ST_CLERK         2700                     
        117 Tobias                    PU_CLERK         2800                     
        183 Geoni                     SH_CLERK         2800                     
        130 Atkinson                  ST_CLERK         2800                     
        195 Jones                     SH_CLERK         2800                     
        190 Gates                     SH_CLERK         2900                     

EMPLOYEE_ID LAST_NAME                 JOB_ID         SALARY                     
----------- ------------------------- ---------- ----------                     
        116 Baida                     PU_CLERK         2900                     
        134 Rogers                    ST_CLERK         2900                     
        197 Feeney                    SH_CLERK         3000                     
        187 Cabrio                    SH_CLERK         3000                     
        115 Khoo                      PU_CLERK         3100                     
        196 Walsh                     SH_CLERK         3100                     
        142 Davies                    ST_CLERK         3100                     
        181 Fleaur                    SH_CLERK         3100                     
        194 McCain                    SH_CLERK         3200                     
        138 Stiles                    ST_CLERK         3200                     
        125 Nayer                     ST_CLERK         3200                     

EMPLOYEE_ID LAST_NAME                 JOB_ID         SALARY                     
----------- ------------------------- ---------- ----------                     
        180 Taylor                    SH_CLERK         3200                     
        129 Bissot                    ST_CLERK         3300                     
        133 Mallin                    ST_CLERK         3300                     
        186 Dellinger                 SH_CLERK         3400                     
        141 Rajs                      ST_CLERK         3500                     
        137 Ladwig                    ST_CLERK         3600                     
        189 Dilly                     SH_CLERK         3600                     
        188 Chung                     SH_CLERK         3800                     
        193 Everett                   SH_CLERK         3900                     
        192 Bell                      SH_CLERK         4000                     
        185 Bull                      SH_CLERK         4100                     

EMPLOYEE_ID LAST_NAME                 JOB_ID         SALARY                     
----------- ------------------------- ---------- ----------                     
        184 Sarchand                  SH_CLERK         4200                     
        200 Whalen                    AD_ASST          4400                     
        124 Mourgos                   ST_MAN           5800                     
        202 Fay                       MK_REP           6000                     
        173 Kumar                     SA_REP           6100                     
        179 Johnson                   SA_REP           6200                     
        167 Banda                     SA_REP           6200                     
        166 Ande                      SA_REP           6400                     
        123 Vollman                   ST_MAN           6500                     
        203 Mavris                    HR_REP           6500                     
        165 Lee                       SA_REP           6800                     

EMPLOYEE_ID LAST_NAME                 JOB_ID         SALARY                     
----------- ------------------------- ---------- ----------                     
        113 Popp                      FI_ACCOUNT       6900                     
        161 Sewall                    SA_REP           7000                     
        178 Grant                     SA_REP           7000                     
        155 Tuvault                   SA_REP           7000                     
        164 Marvins                   SA_REP           7200                     
        172 Bates                     SA_REP           7300                     
        171 Smith                     SA_REP           7400                     
        154 Cambrault                 SA_REP           7500                     
        160 Doran                     SA_REP           7500                     
        111 Sciarra                   FI_ACCOUNT       7700                     
        112 Urman                     FI_ACCOUNT       7800                     

EMPLOYEE_ID LAST_NAME                 JOB_ID         SALARY                     
----------- ------------------------- ---------- ----------                     
        122 Kaufling                  ST_MAN           7900                     
        153 Olsen                     SA_REP           8000                     
        159 Smith                     SA_REP           8000                     
        120 Weiss                     ST_MAN           8000                     
        121 Fripp                     ST_MAN           8200                     
        110 Chen                      FI_ACCOUNT       8200                     
        206 Gietz                     AC_ACCOUNT       8300                     
        177 Livingston                SA_REP           8400                     
        176 Taylor                    SA_REP           8600                     
        175 Hutton                    SA_REP           8800                     

76 rows selected.

SQL> 
SQL> 
SQL> 
SQL> select employee_id, last_name, job_id, salary
  2  from employees
  3  where salary< all (select salary
  4  			from employees where job_id='IT_PROG')
  5  and job_id <>'IT_PROG';

EMPLOYEE_ID LAST_NAME                 JOB_ID         SALARY                     
----------- ------------------------- ---------- ----------                     
        185 Bull                      SH_CLERK         4100                     
        192 Bell                      SH_CLERK         4000                     
        193 Everett                   SH_CLERK         3900                     
        188 Chung                     SH_CLERK         3800                     
        137 Ladwig                    ST_CLERK         3600                     
        189 Dilly                     SH_CLERK         3600                     
        141 Rajs                      ST_CLERK         3500                     
        186 Dellinger                 SH_CLERK         3400                     
        133 Mallin                    ST_CLERK         3300                     
        129 Bissot                    ST_CLERK         3300                     
        180 Taylor                    SH_CLERK         3200                     

EMPLOYEE_ID LAST_NAME                 JOB_ID         SALARY                     
----------- ------------------------- ---------- ----------                     
        138 Stiles                    ST_CLERK         3200                     
        125 Nayer                     ST_CLERK         3200                     
        194 McCain                    SH_CLERK         3200                     
        115 Khoo                      PU_CLERK         3100                     
        196 Walsh                     SH_CLERK         3100                     
        142 Davies                    ST_CLERK         3100                     
        181 Fleaur                    SH_CLERK         3100                     
        187 Cabrio                    SH_CLERK         3000                     
        197 Feeney                    SH_CLERK         3000                     
        116 Baida                     PU_CLERK         2900                     
        190 Gates                     SH_CLERK         2900                     

EMPLOYEE_ID LAST_NAME                 JOB_ID         SALARY                     
----------- ------------------------- ---------- ----------                     
        134 Rogers                    ST_CLERK         2900                     
        183 Geoni                     SH_CLERK         2800                     
        130 Atkinson                  ST_CLERK         2800                     
        117 Tobias                    PU_CLERK         2800                     
        195 Jones                     SH_CLERK         2800                     
        126 Mikkilineni               ST_CLERK         2700                     
        139 Seo                       ST_CLERK         2700                     
        143 Matos                     ST_CLERK         2600                     
        199 Grant                     SH_CLERK         2600                     
        118 Himuro                    PU_CLERK         2600                     
        198 OConnell                  SH_CLERK         2600                     

EMPLOYEE_ID LAST_NAME                 JOB_ID         SALARY                     
----------- ------------------------- ---------- ----------                     
        140 Patel                     ST_CLERK         2500                     
        131 Marlow                    ST_CLERK         2500                     
        119 Colmenares                PU_CLERK         2500                     
        191 Perkins                   SH_CLERK         2500                     
        182 Sullivan                  SH_CLERK         2500                     
        144 Vargas                    ST_CLERK         2500                     
        127 Landry                    ST_CLERK         2400                     
        135 Gee                       ST_CLERK         2400                     
        128 Markle                    ST_CLERK         2200                     
        136 Philtanker                ST_CLERK         2200                     
        132 Olson                     ST_CLERK         2100                     

44 rows selected.

SQL> 
SQL> 
SQL> 
SQL> 
SQL> select rownum as rank, last_name, salary
  2  from (select last_name, salary from employees order by salary desc)
  3  where rownum<5;

      RANK LAST_NAME                     SALARY                                 
---------- ------------------------- ----------                                 
         1 King                           24000                                 
         2 Kochhar                        17000                                 
         3 De Haan                        17000                                 
         4 Russell                        14000                                 

SQL> `
SP2-0042: unknown command "`" - rest of line ignored.
SQL> 
SQL> 
SQL> 
SQL> 
SQL> ed
Wrote file afiedt.buf

  1  select rownum as rank, last_name, salary
  2  from (select last_name, salary from employees order by salary desc)
  3* where rownum<5
SQL> 
SQL> /

      RANK LAST_NAME                     SALARY                                 
---------- ------------------------- ----------                                 
         1 King                           24000                                 
         2 Kochhar                        17000                                 
         3 De Haan                        17000                                 
         4 Russell                        14000                                 

SQL> 
SQL> 
SQL> 
SQL> 
SQL> 
SQL> 
SQL> ed
Wrote file afiedt.buf

  1  select * from employees where salary=(
  2  	select salary from(select rownum n, salary from(
  3  		select dist(salary) from employees order by salary desc)
  4  	where n=2 
  5* )
SQL> 
SQL> /
	select salary from(select rownum n, salary from(
	*
ERROR at line 2:
ORA-00921: unexpected end of SQL command 


SQL> ed
Wrote file afiedt.buf

  1  select * from employees where salary=(
  2  	select salary from(select rownum n, salary from(
  3  		select dist(salary) from employees order by salary desc)
  4  	where n=2 
  5  	)
  6* )
SQL> /
		select dist(salary) from employees order by salary desc)
		       *
ERROR at line 3:
ORA-00904: "DIST": invalid identifier 


SQL> ed
Wrote file afiedt.buf

  1  select * from employees where salary=(
  2  	select salary from(select rownum n, salary from(
  3  		select distinct salary from employees order by salary desc)
  4  	where n=2 
  5  	)
  6* )
SQL> /
	where n=2 
	      *
ERROR at line 4:
ORA-00904: "N": invalid identifier 


SQL> ed
Wrote file afiedt.buf

  1  select * from employees where salary=(
  2  	select salary from(select rownum n, salary from(
  3  		select distinct salary from employees order by salary desc))
  4  	where n=2 
  5* )
SQL> /

EMPLOYEE_ID FIRST_NAME           LAST_NAME                                      
----------- -------------------- -------------------------                      
EMAIL                     PHONE_NUMBER         HIRE_DATE JOB_ID         SALARY  
------------------------- -------------------- --------- ---------- ----------  
COMMISSION_PCT MANAGER_ID DEPARTMENT_ID                                         
-------------- ---------- -------------                                         
        101 Neena                Kochhar                                        
NKOCHHAR                  515.123.4568         21-SEP-05 AD_VP           17000  
                      100            90                                         
                                                                                
        102 Lex                  De Haan                                        
LDEHAAN                   515.123.4569         13-JAN-01 AD_VP           17000  
                      100            90                                         

EMPLOYEE_ID FIRST_NAME           LAST_NAME                                      
----------- -------------------- -------------------------                      
EMAIL                     PHONE_NUMBER         HIRE_DATE JOB_ID         SALARY  
------------------------- -------------------- --------- ---------- ----------  
COMMISSION_PCT MANAGER_ID DEPARTMENT_ID                                         
-------------- ---------- -------------                                         
                                                                                

SQL> 
SQL> 
SQL> 
SQL> 
SQL> select * from user_clusters;

no rows selected

SQL> create cluster emp_dept (deptno number(2));

Cluster created.

SQL> select * from user_clusters;

CLUSTER_NAME                   TABLESPACE_NAME                  PCT_FREE        
------------------------------ ------------------------------ ----------        
  PCT_USED   KEY_SIZE  INI_TRANS  MAX_TRANS INITIAL_EXTENT NEXT_EXTENT          
---------- ---------- ---------- ---------- -------------- -----------          
MIN_EXTENTS MAX_EXTENTS PCT_INCREASE  FREELISTS FREELIST_GROUPS                 
----------- ----------- ------------ ---------- ---------------                 
AVG_BLOCKS_PER_KEY CLUST FUNCTION          HASHKEYS DEGREE     INSTANCES  CACHE 
------------------ ----- --------------- ---------- ---------- ---------- ----- 
BUFFER_ FLASH_C CELL_FL SINGL DEPENDEN                                          
------- ------- ------- ----- --------                                          
EMP_DEPT                       USERS                                  10        
                               2        255          65536     1048576          
          1  2147483645                                                         

CLUSTER_NAME                   TABLESPACE_NAME                  PCT_FREE        
------------------------------ ------------------------------ ----------        
  PCT_USED   KEY_SIZE  INI_TRANS  MAX_TRANS INITIAL_EXTENT NEXT_EXTENT          
---------- ---------- ---------- ---------- -------------- -----------          
MIN_EXTENTS MAX_EXTENTS PCT_INCREASE  FREELISTS FREELIST_GROUPS                 
----------- ----------- ------------ ---------- ---------------                 
AVG_BLOCKS_PER_KEY CLUST FUNCTION          HASHKEYS DEGREE     INSTANCES  CACHE 
------------------ ----- --------------- ---------- ---------- ---------- ----- 
BUFFER_ FLASH_C CELL_FL SINGL DEPENDEN                                          
------- ------- ------- ----- --------                                          
                   INDEX                          0          1          1     N 
DEFAULT DEFAULT DEFAULT     N DISABLED                                          
                                                                                

SQL> create index emp_dept_cst on cluster emp_dept;

Index created.

SQL> 
SQL> create table dept( deptno number(2),
  2  			name varchar2(20),
  3  			loc varchar2(20))
  4  			cluster emp_dept (deptno);

Table created.

SQL> create table emp (empno number(5),
  2  			name varchar2(20),
  3  			sal number(10,2),
  4  			deptno number(2)) cluster emp_dept (deptno);

Table created.

SQL> select * from tab;

TNAME                          TABTYPE  CLUSTERID                               
------------------------------ ------- ----------                               
COUNTRIES                      TABLE                                            
DEPARTMENTS                    TABLE                                            
DEPT                           TABLE            1                               
EMP                            TABLE            2                               
EMPLOYEES                      TABLE                                            
EMP_DEPT                       CLUSTER                                          
EMP_DETAILS_VIEW               VIEW                                             
JOBS                           TABLE                                            
JOB_HISTORY                    TABLE                                            
LOCATIONS                      TABLE                                            
REGIONS                        TABLE                                            

TNAME                          TABTYPE  CLUSTERID                               
------------------------------ ------- ----------                               
WISSEN                         TABLE                                            
WISSEN_NODATA                  TABLE                                            

13 rows selected.

SQL> select * from emp_dept
  2  ;
select * from emp_dept
              *
ERROR at line 1:
ORA-00942: table or view does not exist 


SQL> select * from emp;

no rows selected

SQL> drop cluster emp_dept;
drop cluster emp_dept
*
ERROR at line 1:
ORA-00951: cluster not empty 


SQL> 
SQL> 
SQL> 
SQL> spool off
SQL> 
SQL> 
SQL> 
SQL> 
SQL> declare
  2  v_sal number(9,2) :=&p_annual_sal;
  3  begin
  4  v_sal := v_sal/12;
  5  dbms_output.put_line('The monthly salary is ' || to_char(v_val));
  6  end;
  7  /
Enter value for p_annual_sal: 12
old   2: v_sal number(9,2) :=&p_annual_sal;
new   2: v_sal number(9,2) :=12;
dbms_output.put_line('The monthly salary is ' || to_char(v_val));
                                                         *
ERROR at line 5:
ORA-06550: line 5, column 58: 
PLS-00201: identifier 'V_VAL' must be declared 
ORA-06550: line 5, column 1: 
PL/SQL: Statement ignored 


SQL> begin
  2  v_sal := v_sal/12;
  3  dbms_output.put_line('The monthly salary is ' || to_char(v_val));
  4  end;
  5  /
v_sal := v_sal/12;
*
ERROR at line 2:
ORA-06550: line 2, column 1: 
PLS-00201: identifier 'V_SAL' must be declared 
ORA-06550: line 2, column 1: 
PL/SQL: Statement ignored 
ORA-06550: line 3, column 58: 
PLS-00201: identifier 'V_VAL' must be declared 
ORA-06550: line 3, column 1: 
PL/SQL: Statement ignored 


SQL> begin
  2  v_sal := v_sal/12;
  3  dbms_output.put_line('The monthly salary is ' || to_char(v_sal));
  4  end;
  5  /
v_sal := v_sal/12;
*
ERROR at line 2:
ORA-06550: line 2, column 1: 
PLS-00201: identifier 'V_SAL' must be declared 
ORA-06550: line 2, column 1: 
PL/SQL: Statement ignored 
ORA-06550: line 3, column 58: 
PLS-00201: identifier 'V_SAL' must be declared 
ORA-06550: line 3, column 1: 
PL/SQL: Statement ignored 


SQL> declare
  2  v_sal number(9,2) :=&p_annual_sal;
  3  begin
  4  v_sal := v_sal/12;
  5  dbms_output.put_line('The monthly salary is ' || to_char(v_sal));
  6  end;
  7  /
Enter value for p_annual_sal: 12
old   2: v_sal number(9,2) :=&p_annual_sal;
new   2: v_sal number(9,2) :=12;

PL/SQL procedure successfully completed.

SQL> 
SQL> 
SQL> 
SQL> 
SQL> set serveroutput on
SQL> declare
  2  v_sal number(9,2) :=&p_annual_sal;
  3  begin
  4  v_sal := v_sal/12;
  5  dbms_output.put_line('The monthly salary is ' || to_char(v_sal));
  6  end;
  7  /
Enter value for p_annual_sal: 12
old   2: v_sal number(9,2) :=&p_annual_sal;
new   2: v_sal number(9,2) :=12;
The monthly salary is 1                                                         

PL/SQL procedure successfully completed.

SQL> /
Enter value for p_annual_sal: 600000
old   2: v_sal number(9,2) :=&p_annual_sal;
new   2: v_sal number(9,2) :=600000;
The monthly salary is 50000                                                     

PL/SQL procedure successfully completed.

SQL> define p_annual_sal = 1200000
SQL> /
old   2: v_sal number(9,2) :=&p_annual_sal;
new   2: v_sal number(9,2) :=1200000;
The monthly salary is 100000                                                    

PL/SQL procedure successfully completed.

SQL> 
SQL> 
SQL> 
SQL> 
SQL> ed
Wrote file afiedt.buf

  1  declare
  2  v_sal number(9,2) :=&p_annual_sal;
  3  begin
  4  v_sal := v_sal/12;
  5  dbms_output.put_line('The monthly salary is ' || to_char(v_sal));
  6* end;
SQL> ed
Wrote file afiedt.buf

  1  variable g_salary number
  2  begin select salary
  3  into :g_salary
  4  from employees
  5  where employee_id = 178;
  6* end;
  7  /
SP2-0552: Bind variable "G_SALARY" not declared.
SQL> 
SQL> 
SQL> 
SQL> 
SQL> 
SQL> variable g_salary number;
SQL> ed
Wrote file afiedt.buf

  1  begin select salary
  2  into :g_salary
  3  from employees
  4  where employee_id = 178;
  5* end;
SQL> /

PL/SQL procedure successfully completed.

SQL> dbms_output.put_line(g_salary);
SP2-0734: unknown command beginning "dbms_outpu..." - rest of line ignored.
SQL> ed
Wrote file afiedt.buf

  1  begin 
  2  select salary
  3  into :g_salary
  4  from employees
  5  where employee_id = 178;
  6* end;
SQL> /

PL/SQL procedure successfully completed.

SQL> 
SQL> 
SQL> 
SQL> 
SQL> print g_salary;

  G_SALARY                                                                      
----------                                                                      
      7000                                                                      

SQL> 
SQL> 
SQL> 
SQL> 
SQL> 
SQL> define g_sal number;
SP2-0136: DEFINE requires an equal sign (=)
SQL> define g_sal =100;
SQL> 
SQL> 
SQL> 
SQL> 
SQL> variable rows_deleted varcharw(20);
Usage: VAR[IABLE] [ <variable> [ NUMBER | CHAR | CHAR (n [CHAR|BYTE]) |
                    VARCHAR2 (n [CHAR|BYTE]) | NCHAR | NCHAR (n) |
                    NVARCHAR2 (n) | CLOB | NCLOB | BLOB | BFILE
                    REFCURSOR | BINARY_FLOAT | BINARY_DOUBLE ] ]
SQL> variable rows_deleted varchar(20);
Usage: VAR[IABLE] [ <variable> [ NUMBER | CHAR | CHAR (n [CHAR|BYTE]) |
                    VARCHAR2 (n [CHAR|BYTE]) | NCHAR | NCHAR (n) |
                    NVARCHAR2 (n) | CLOB | NCLOB | BLOB | BFILE
                    REFCURSOR | BINARY_FLOAT | BINARY_DOUBLE ] ]
SQL> variable rows_deleted varchar2(20);
SQL> declare
  2  v_employee_id employees.employee_id%type := 176;
  3  begin
  4  delete from employees
  5  where employee_id = v_employee_id
  6  
